Component: ARM Compiler 5.06 update 6 (build 750) Tool: armlink [4d35ed]

==============================================================================

Section Cross References

    startup_stm32f401xc.o(STACK) refers (Special) to heapauxi.o(.text) for __use_two_region_memory
    startup_stm32f401xc.o(HEAP) refers (Special) to heapauxi.o(.text) for __use_two_region_memory
    startup_stm32f401xc.o(RESET) refers (Special) to heapauxi.o(.text) for __use_two_region_memory
    startup_stm32f401xc.o(RESET) refers to startup_stm32f401xc.o(STACK) for __initial_sp
    startup_stm32f401xc.o(RESET) refers to startup_stm32f401xc.o(.text) for Reset_Handler
    startup_stm32f401xc.o(RESET) refers to stm32f4xx_it.o(i.NMI_Handler) for NMI_Handler
    startup_stm32f401xc.o(RESET) refers to stm32f4xx_it.o(i.HardFault_Handler) for HardFault_Handler
    startup_stm32f401xc.o(RESET) refers to stm32f4xx_it.o(i.MemManage_Handler) for MemManage_Handler
    startup_stm32f401xc.o(RESET) refers to stm32f4xx_it.o(i.BusFault_Handler) for BusFault_Handler
    startup_stm32f401xc.o(RESET) refers to stm32f4xx_it.o(i.UsageFault_Handler) for UsageFault_Handler
    startup_stm32f401xc.o(RESET) refers to stm32f4xx_it.o(i.SVC_Handler) for SVC_Handler
    startup_stm32f401xc.o(RESET) refers to stm32f4xx_it.o(i.DebugMon_Handler) for DebugMon_Handler
    startup_stm32f401xc.o(RESET) refers to stm32f4xx_it.o(i.PendSV_Handler) for PendSV_Handler
    startup_stm32f401xc.o(RESET) refers to stm32f4xx_it.o(i.SysTick_Handler) for SysTick_Handler
    startup_stm32f401xc.o(RESET) refers to stm32f4xx_it.o(i.OTG_FS_IRQHandler) for OTG_FS_IRQHandler
    startup_stm32f401xc.o(.text) refers (Special) to heapauxi.o(.text) for __use_two_region_memory
    startup_stm32f401xc.o(.text) refers to system_stm32f4xx.o(i.SystemInit) for SystemInit
    startup_stm32f401xc.o(.text) refers to __main.o(!!!main) for __main
    startup_stm32f401xc.o(.text) refers to startup_stm32f401xc.o(HEAP) for Heap_Mem
    startup_stm32f401xc.o(.text) refers to startup_stm32f401xc.o(STACK) for Stack_Mem
    main.o(i.SystemClock_Config) refers to rt_memclr_w.o(.text) for __aeabi_memclr4
    main.o(i.SystemClock_Config) refers to stm32f4xx_hal_rcc.o(i.HAL_RCC_OscConfig) for HAL_RCC_OscConfig
    main.o(i.SystemClock_Config) refers to main.o(i.Error_Handler) for Error_Handler
    main.o(i.SystemClock_Config) refers to stm32f4xx_hal_rcc.o(i.HAL_RCC_ClockConfig) for HAL_RCC_ClockConfig
    main.o(i.main) refers to stm32f4xx_hal.o(i.HAL_Init) for HAL_Init
    main.o(i.main) refers to main.o(i.SystemClock_Config) for SystemClock_Config
    main.o(i.main) refers to gpio.o(i.MX_GPIO_Init) for MX_GPIO_Init
    main.o(i.main) refers to usb_host.o(i.MX_USB_HOST_Init) for MX_USB_HOST_Init
    main.o(i.main) refers to usb_host.o(i.MX_USB_HOST_Process) for MX_USB_HOST_Process
    stm32f4xx_it.o(i.OTG_FS_IRQHandler) refers to stm32f4xx_hal_hcd.o(i.HAL_HCD_IRQHandler) for HAL_HCD_IRQHandler
    stm32f4xx_it.o(i.OTG_FS_IRQHandler) refers to usbh_conf.o(.bss) for hhcd_USB_OTG_FS
    stm32f4xx_it.o(i.SysTick_Handler) refers to stm32f4xx_hal.o(i.HAL_IncTick) for HAL_IncTick
    usb_host.o(i.MX_USB_HOST_Init) refers to usbh_core.o(i.USBH_Init) for USBH_Init
    usb_host.o(i.MX_USB_HOST_Init) refers to main.o(i.Error_Handler) for Error_Handler
    usb_host.o(i.MX_USB_HOST_Init) refers to usbh_core.o(i.USBH_RegisterClass) for USBH_RegisterClass
    usb_host.o(i.MX_USB_HOST_Init) refers to usbh_core.o(i.USBH_Start) for USBH_Start
    usb_host.o(i.MX_USB_HOST_Init) refers to usb_host.o(i.USBH_UserProcess) for USBH_UserProcess
    usb_host.o(i.MX_USB_HOST_Init) refers to usb_host.o(.bss) for hUsbHostFS
    usb_host.o(i.MX_USB_HOST_Init) refers to usbh_hid.o(.data) for HID_Class
    usb_host.o(i.MX_USB_HOST_Process) refers to usbh_core.o(i.USBH_Process) for USBH_Process
    usb_host.o(i.MX_USB_HOST_Process) refers to usbh_hid.o(i.USBH_HID_GetDeviceType) for USBH_HID_GetDeviceType
    usb_host.o(i.MX_USB_HOST_Process) refers to usbh_hid_keybd.o(i.USBH_HID_GetKeybdInfo) for USBH_HID_GetKeybdInfo
    usb_host.o(i.MX_USB_HOST_Process) refers to usbh_hid_keybd.o(i.USBH_HID_GetASCIICode) for USBH_HID_GetASCIICode
    usb_host.o(i.MX_USB_HOST_Process) refers to usb_host.o(.bss) for hUsbHostFS
    usb_host.o(i.MX_USB_HOST_Process) refers to usb_host.o(.data) for ascii
    usb_host.o(i.USBH_UserProcess) refers to usb_host.o(.data) for Appli_state
    usbh_conf.o(i.HAL_HCD_Connect_Callback) refers to usbh_core.o(i.USBH_LL_Connect) for USBH_LL_Connect
    usbh_conf.o(i.HAL_HCD_Disconnect_Callback) refers to usbh_core.o(i.USBH_LL_Disconnect) for USBH_LL_Disconnect
    usbh_conf.o(i.HAL_HCD_MspDeInit) refers to stm32f4xx_hal_gpio.o(i.HAL_GPIO_DeInit) for HAL_GPIO_DeInit
    usbh_conf.o(i.HAL_HCD_MspDeInit) refers to stm32f4xx_hal_cortex.o(i.HAL_NVIC_DisableIRQ) for HAL_NVIC_DisableIRQ
    usbh_conf.o(i.HAL_HCD_MspInit) refers to rt_memclr_w.o(.text) for __aeabi_memclr4
[...]
    .text                                    0x080005c0   Section        0  indicate_semi.o(.text)
    .text                                    0x0800060a   Section        0  exit.o(.text)
    .text                                    0x0800061c   Section        0  defsig_exit.o(.text)
    .text                                    0x08000628   Section        0  defsig_rtmem_inner.o(.text)
    .text                                    0x08000678   Section        0  sys_exit.o(.text)
    .text                                    0x08000684   Section        0  defsig_general.o(.text)
    .text                                    0x080006b6   Section        0  sys_wrch.o(.text)
    i.BusFault_Handler                       0x080006c4   Section        0  stm32f4xx_it.o(i.BusFault_Handler)
    i.DeInitStateMachine                     0x080006c8   Section        0  usbh_core.o(i.DeInitStateMachine)
    DeInitStateMachine                       0x080006c9   Thumb Code    94  usbh_core.o(i.DeInitStateMachine)
    i.DebugMon_Handler                       0x08000726   Section        0  stm32f4xx_it.o(i.DebugMon_Handler)
    i.Error_Handler                          0x08000728   Section        0  main.o(i.Error_Handler)
    i.HAL_Delay                              0x08000730   Section        0  stm32f4xx_hal.o(i.HAL_Delay)
    i.HAL_GPIO_Init                          0x08000758   Section        0  stm32f4xx_hal_gpio.o(i.HAL_GPIO_Init)
    i.HAL_GetTick                            0x08000920   Section        0  stm32f4xx_hal.o(i.HAL_GetTick)
    i.HAL_HCD_Connect_Callback               0x0800092c   Section        0  usbh_conf.o(i.HAL_HCD_Connect_Callback)
    i.HAL_HCD_Disconnect_Callback            0x0800093a   Section        0  usbh_conf.o(i.HAL_HCD_Disconnect_Callback)
    i.HAL_HCD_GetCurrentFrame                0x08000948   Section        0  stm32f4xx_hal_hcd.o(i.HAL_HCD_GetCurrentFrame)
    i.HAL_HCD_GetCurrentSpeed                0x08000954   Section        0  stm32f4xx_hal_hcd.o(i.HAL_HCD_GetCurrentSpeed)
    i.HAL_HCD_HC_GetURBState                 0x08000960   Section        0  stm32f4xx_hal_hcd.o(i.HAL_HCD_HC_GetURBState)
    i.HAL_HCD_HC_GetXferCount                0x08000978   Section        0  stm32f4xx_hal_hcd.o(i.HAL_HCD_HC_GetXferCount)
    i.HAL_HCD_HC_Halt                        0x0800098e   Section        0  stm32f4xx_hal_hcd.o(i.HAL_HCD_HC_Halt)
    i.HAL_HCD_HC_Init                        0x080009c2   Section        0  stm32f4xx_hal_hcd.o(i.HAL_HCD_HC_Init)
    i.HAL_HCD_HC_NotifyURBChange_Callback    0x08000ac8   Section        0  usbh_conf.o(i.HAL_HCD_HC_NotifyURBChange_Callback)
    i.HAL_HCD_HC_SubmitRequest               0x08000aca   Section        0  stm32f4xx_hal_hcd.o(i.HAL_HCD_HC_SubmitRequest)
    i.HAL_HCD_IRQHandler                     0x08000d6e   Section        0  stm32f4xx_hal_hcd.o(i.HAL_HCD_IRQHandler)
    i.HAL_HCD_Init                           0x08000ee6   Section        0  stm32f4xx_hal_hcd.o(i.HAL_HCD_Init)
    i.HAL_HCD_MspInit                        0x08000f5c   Section        0  usbh_conf.o(i.HAL_HCD_MspInit)
    i.HAL_HCD_PortDisabled_Callback          0x08001004   Section        0  usbh_conf.o(i.HAL_HCD_PortDisabled_Callback)
    i.HAL_HCD_PortEnabled_Callback           0x08001012   Section        0  usbh_conf.o(i.HAL_HCD_PortEnabled_Callback)
    i.HAL_HCD_ResetPort                      0x08001020   Section        0  stm32f4xx_hal_hcd.o(i.HAL_HCD_ResetPort)
    i.HAL_HCD_SOF_Callback                   0x0800102c   Section        0  usbh_conf.o(i.HAL_HCD_SOF_Callback)
    i.HAL_HCD_Start                          0x0800103a   Section        0  stm32f4xx_hal_hcd.o(i.HAL_HCD_Start)
    i.HAL_HCD_Stop                           0x08001070   Section        0  stm32f4xx_hal_hcd.o(i.HAL_HCD_Stop)
    i.HAL_IncTick                            0x080010a0   Section        0  stm32f4xx_hal.o(i.HAL_IncTick)
    i.HAL_Init                               0x080010b8   Section        0  stm32f4xx_hal.o(i.HAL_Init)
    i.HAL_InitTick                           0x080010f4   Section        0  stm32f4xx_hal.o(i.HAL_InitTick)
    i.HAL_MspInit                            0x08001140   Section        0  stm32f4xx_hal_msp.o(i.HAL_MspInit)
    i.HAL_NVIC_EnableIRQ                     0x08001188   Section        0  stm32f4xx_hal_cortex.o(i.HAL_NVIC_EnableIRQ)
    i.HAL_NVIC_SetPriority                   0x080011a8   Section        0  stm32f4xx_hal_cortex.o(i.HAL_NVIC_SetPriority)
    i.HAL_NVIC_SetPriorityGrouping           0x08001224   Section        0  stm32f4xx_hal_cortex.o(i.HAL_NVIC_SetPriorityGrouping)
    i.HAL_RCC_ClockConfig                    0x0800124c   Section        0  stm32f4xx_hal_rcc.o(i.HAL_RCC_ClockConfig)
    i.HAL_RCC_GetSysClockFreq                0x080013d0   Section        0  stm32f4xx_hal_rcc.o(i.HAL_RCC_GetSysClockFreq)
    i.HAL_RCC_OscConfig                      0x08001480   Section        0  stm32f4xx_hal_rcc.o(i.HAL_RCC_OscConfig)
    i.HAL_SYSTICK_Config                     0x0800191c   Section        0  stm32f4xx_hal_cortex.o(i.HAL_SYSTICK_Config)
    i.HCD_HC_IN_IRQHandler                   0x08001950   Section        0  stm32f4xx_hal_hcd.o(i.HCD_HC_IN_IRQHandler)
    HCD_HC_IN_IRQHandler                     0x08001951   Thumb Code  1564  stm32f4xx_hal_hcd.o(i.HCD_HC_IN_IRQHandler)
    i.HCD_HC_OUT_IRQHandler                  0x08001f6c   Section        0  stm32f4xx_hal_hcd.o(i.HCD_HC_OUT_IRQHandler)
    HCD_HC_OUT_IRQHandler                    0x08001f6d   Thumb Code  1638  stm32f4xx_hal_hcd.o(i.HCD_HC_OUT_IRQHandler)
    i.HCD_Port_IRQHandler                    0x080025d2   Section        0  stm32f4xx_hal_hcd.o(i.HCD_Port_IRQHandler)
    HCD_Port_IRQHandler                      0x080025d3   Thumb Code   182  stm32f4xx_hal_hcd.o(i.HCD_Port_IRQHandler)
    i.HCD_RXQLVL_IRQHandler                  0x08002688   Section        0  stm32f4xx_hal_hcd.o(i.HCD_RXQLVL_IRQHandler)
    HCD_RXQLVL_IRQHandler                    0x08002689   Thumb Code   388  stm32f4xx_hal_hcd.o(i.HCD_RXQLVL_IRQHandler)
    i.HID_ReadItem                           0x0800280c   Section        0  usbh_hid_parser.o(i.HID_ReadItem)
    i.HardFault_Handler                      0x080028d4   Section        0  stm32f4xx_it.o(i.HardFault_Handler)
    i.MX_GPIO_Init                           0x080028d8   Section        0  gpio.o(i.MX_GPIO_Init)
    i.MX_USB_HOST_Init                       0x08002920   Section        0  usb_host.o(i.MX_USB_HOST_Init)
    i.MX_USB_HOST_Process                    0x0800295c   Section        0  usb_host.o(i.MX_USB_HOST_Process)
    i.MemManage_Handler                      0x080029b8   Section        0  stm32f4xx_it.o(i.MemManage_Handler)
    i.NMI_Handler                            0x080029bc   Section        0  stm32f4xx_it.o(i.NMI_Handler)
    i.OTG_FS_IRQHandler                      0x080029c0   Section        0  stm32f4xx_it.o(i.OTG_FS_IRQHandler)
    i.PendSV_Handler                         0x080029d0   Section        0  stm32f4xx_it.o(i.PendSV_Handler)
    i.SVC_Handler                            0x080029d2   Section        0  stm32f4xx_it.o(i.SVC_Handler)
    i.SysTick_Handler                        0x080029d4   Section        0  stm32f4xx_it.o(i.SysTick_Handler)
    i.SystemClock_Config                     0x080029dc   Section        0  main.o(i.SystemClock_Config)
    i.SystemInit                             0x08002a90   Section        0  system_stm32f4xx.o(i.SystemInit)
    i.USBH_AllocPipe                         0x08002aa4   Section        0  usbh_pipes.o(i.USBH_AllocPipe)
    i.USBH_ClosePipe                         0x08002ace   Section        0  usbh_pipes.o(i.USBH_ClosePipe)
    i.USBH_ClrFeature                        0x08002ae0   Section        0  usbh_ctlreq.o(i.USBH_ClrFeature)
    i.USBH_CtlReceiveData                    0x08002b08   Section        0  usbh_ioreq.o(i.USBH_CtlReceiveData)
    i.USBH_CtlReq                            0x08002b32   Section        0  usbh_ctlreq.o(i.USBH_CtlReq)
    i.USBH_CtlSendData                       0x08002b86   Section        0  usbh_ioreq.o(i.USBH_CtlSendData)
    i.USBH_CtlSendSetup                      0x08002bba   Section        0  usbh_ioreq.o(i.USBH_CtlSendSetup)
    i.USBH_Delay                             0x08002be0   Section        0  usbh_conf.o(i.USBH_Delay)
    i.USBH_FindInterface                     0x08002bec   Section        0  usbh_core.o(i.USBH_FindInterface)
    i.USBH_FreePipe                          0x08002c3c   Section        0  usbh_pipes.o(i.USBH_FreePipe)
    i.USBH_GetDescriptor                     0x08002c5a   Section        0  usbh_ctlreq.o(i.USBH_GetDescriptor)
    i.USBH_GetFreePipe                       0x08002ca4   Section        0  usbh_pipes.o(i.USBH_GetFreePipe)
    USBH_GetFreePipe                         0x08002ca5   Thumb Code    40  usbh_pipes.o(i.USBH_GetFreePipe)
    i.USBH_GetNextDesc                       0x08002ccc   Section        0  usbh_ctlreq.o(i.USBH_GetNextDesc)
    i.USBH_Get_CfgDesc                       0x08002cde   Section        0  usbh_ctlreq.o(i.USBH_Get_CfgDesc)
    i.USBH_Get_DevDesc                       0x08002d0c   Section        0  usbh_ctlreq.o(i.USBH_Get_DevDesc)
    i.USBH_Get_StringDesc                    0x08002d3a   Section        0  usbh_ctlreq.o(i.USBH_Get_StringDesc)
    i.USBH_Get_USB_Status                    0x08002d72   Section        0  usbh_conf.o(i.USBH_Get_USB_Status)
    i.USBH_HID_ClassRequest                  0x08002d9e   Section        0  usbh_hid.o(i.USBH_HID_ClassRequest)
    USBH_HID_ClassRequest                    0x08002d9f   Thumb Code   166  usbh_hid.o(i.USBH_HID_ClassRequest)
    i.USBH_HID_EventCallback                 0x08002e44   Section        0  usbh_hid.o(i.USBH_HID_EventCallback)
    i.USBH_HID_FifoInit                      0x08002e46   Section        0  usbh_hid.o(i.USBH_HID_FifoInit)
    i.USBH_HID_FifoRead                      0x08002e54   Section        0  usbh_hid.o(i.USBH_HID_FifoRead)
    i.USBH_HID_FifoWrite                     0x08002ea6   Section        0  usbh_hid.o(i.USBH_HID_FifoWrite)
    i.USBH_HID_GetASCIICode                  0x08002f08   Section        0  usbh_hid_keybd.o(i.USBH_HID_GetASCIICode)
    i.USBH_HID_GetDeviceType                 0x08002f38   Section        0  usbh_hid.o(i.USBH_HID_GetDeviceType)
    i.USBH_HID_GetHIDReportDescriptor        0x08002f6a   Section        0  usbh_hid.o(i.USBH_HID_GetHIDReportDescriptor)
    i.USBH_HID_GetKeybdInfo                  0x08002f88   Section        0  usbh_hid_keybd.o(i.USBH_HID_GetKeybdInfo)
    i.USBH_HID_GetReport                     0x08002fa0   Section        0  usbh_hid.o(i.USBH_HID_GetReport)
    i.USBH_HID_InterfaceDeInit               0x08002fd4   Section        0  usbh_hid.o(i.USBH_HID_InterfaceDeInit)
    USBH_HID_InterfaceDeInit                 0x08002fd5   Thumb Code    88  usbh_hid.o(i.USBH_HID_InterfaceDeInit)
    i.USBH_HID_InterfaceInit                 0x0800302c   Section        0  usbh_hid.o(i.USBH_HID_InterfaceInit)
    USBH_HID_InterfaceInit                   0x0800302d   Thumb Code   494  usbh_hid.o(i.USBH_HID_InterfaceInit)
    i.USBH_HID_KeybdDecode                   0x08003224   Section        0  usbh_hid_keybd.o(i.USBH_HID_KeybdDecode)
    USBH_HID_KeybdDecode                     0x08003225   Thumb Code   168  usbh_hid_keybd.o(i.USBH_HID_KeybdDecode)
    i.USBH_HID_KeybdInit                     0x080032f8   Section        0  usbh_hid_keybd.o(i.USBH_HID_KeybdInit)
    i.USBH_HID_MouseInit                     0x0800335c   Section        0  usbh_hid_mouse.o(i.USBH_HID_MouseInit)
    i.USBH_HID_ParseHIDDesc                  0x080033bc   Section        0  usbh_hid.o(i.USBH_HID_ParseHIDDesc)
    USBH_HID_ParseHIDDesc                    0x080033bd   Thumb Code    96  usbh_hid.o(i.USBH_HID_ParseHIDDesc)
    i.USBH_HID_Process                       0x0800341c   Section        0  usbh_hid.o(i.USBH_HID_Process)
    USBH_HID_Process                         0x0800341d   Thumb Code   238  usbh_hid.o(i.USBH_HID_Process)
    i.USBH_HID_SOFProcess                    0x0800350a   Section        0  usbh_hid.o(i.USBH_HID_SOFProcess)
    USBH_HID_SOFProcess                      0x0800350b   Thumb Code    36  usbh_hid.o(i.USBH_HID_SOFProcess)
    i.USBH_HID_SetIdle                       0x0800352e   Section        0  usbh_hid.o(i.USBH_HID_SetIdle)
    i.USBH_HID_SetProtocol                   0x08003556   Section        0  usbh_hid.o(i.USBH_HID_SetProtocol)
    i.USBH_HandleControl                     0x08003582   Section        0  usbh_ctlreq.o(i.USBH_HandleControl)
    USBH_HandleControl                       0x08003583   Thumb Code   468  usbh_ctlreq.o(i.USBH_HandleControl)
    i.USBH_HandleEnum                        0x08003756   Section        0  usbh_core.o(i.USBH_HandleEnum)
    USBH_HandleEnum                          0x08003757   Thumb Code   706  usbh_core.o(i.USBH_HandleEnum)
    i.USBH_HandleSof                         0x08003a18   Section        0  usbh_core.o(i.USBH_HandleSof)
    USBH_HandleSof                           0x08003a19   Thumb Code    28  usbh_core.o(i.USBH_HandleSof)
    i.USBH_Init                              0x08003a34   Section        0  usbh_core.o(i.USBH_Init)
    i.USBH_InterruptReceiveData              0x08003a7c   Section        0  usbh_ioreq.o(i.USBH_InterruptReceiveData)
    i.USBH_LL_ClosePipe                      0x08003aa6   Section        0  usbh_conf.o(i.USBH_LL_ClosePipe)
    i.USBH_LL_Connect                        0x08003acc   Section        0  usbh_core.o(i.USBH_LL_Connect)
    i.USBH_LL_Disconnect                     0x08003ae2   Section        0  usbh_core.o(i.USBH_LL_Disconnect)
    i.USBH_LL_DriverVBUS                     0x08003b10   Section        0  usbh_conf.o(i.USBH_LL_DriverVBUS)
    i.USBH_LL_GetLastXferSize                0x08003b2a   Section        0  usbh_conf.o(i.USBH_LL_GetLastXferSize)
    i.USBH_LL_GetSpeed                       0x08003b3c   Section        0  usbh_conf.o(i.USBH_LL_GetSpeed)
    i.USBH_LL_GetURBState                    0x08003b6c   Section        0  usbh_conf.o(i.USBH_LL_GetURBState)
    i.USBH_LL_IncTimer                       0x08003b7e   Section        0  usbh_core.o(i.USBH_LL_IncTimer)
    i.USBH_LL_Init                           0x08003b94   Section        0  usbh_conf.o(i.USBH_LL_Init)
    i.USBH_LL_OpenPipe                       0x08003bec   Section        0  usbh_conf.o(i.USBH_LL_OpenPipe)
    i.USBH_LL_PortDisabled                   0x08003c2c   Section        0  usbh_core.o(i.USBH_LL_PortDisabled)
    i.USBH_LL_PortEnabled                    0x08003c34   Section        0  usbh_core.o(i.USBH_LL_PortEnabled)
    i.USBH_LL_ResetPort                      0x08003c3c   Section        0  usbh_conf.o(i.USBH_LL_ResetPort)
    i.USBH_LL_SetTimer                       0x08003c5a   Section        0  usbh_core.o(i.USBH_LL_SetTimer)
    i.USBH_LL_SetToggle                      0x08003c60   Section        0  usbh_conf.o(i.USBH_LL_SetToggle)
    i.USBH_LL_Start                          0x08003ca6   Section        0  usbh_conf.o(i.USBH_LL_Start)
    i.USBH_LL_Stop                           0x08003cc4   Section        0  usbh_conf.o(i.USBH_LL_Stop)
    i.USBH_LL_SubmitURB                      0x08003ce2   Section        0  usbh_conf.o(i.USBH_LL_SubmitURB)
    i.USBH_OpenPipe                          0x08003d22   Section        0  usbh_pipes.o(i.USBH_OpenPipe)
    i.USBH_ParseCfgDesc                      0x08003d4c   Section        0  usbh_ctlreq.o(i.USBH_ParseCfgDesc)
    USBH_ParseCfgDesc                        0x08003d4d   Thumb Code   340  usbh_ctlreq.o(i.USBH_ParseCfgDesc)
    i.USBH_ParseDevDesc                      0x08003ea0   Section        0  usbh_ctlreq.o(i.USBH_ParseDevDesc)
    USBH_ParseDevDesc                        0x08003ea1   Thumb Code   128  usbh_ctlreq.o(i.USBH_ParseDevDesc)
    i.USBH_ParseEPDesc                       0x08003f20   Section        0  usbh_ctlreq.o(i.USBH_ParseEPDesc)
    USBH_ParseEPDesc                         0x08003f21   Thumb Code   176  usbh_ctlreq.o(i.USBH_ParseEPDesc)
    i.USBH_ParseInterfaceDesc                0x08003fd0   Section        0  usbh_ctlreq.o(i.USBH_ParseInterfaceDesc)
    USBH_ParseInterfaceDesc                  0x08003fd1   Thumb Code    38  usbh_ctlreq.o(i.USBH_ParseInterfaceDesc)
    i.USBH_ParseStringDesc                   0x08003ff6   Section        0  usbh_ctlreq.o(i.USBH_ParseStringDesc)
    USBH_ParseStringDesc                     0x08003ff7   Thumb Code    54  usbh_ctlreq.o(i.USBH_ParseStringDesc)
    i.USBH_Process                           0x0800402c   Section        0  usbh_core.o(i.USBH_Process)
    i.USBH_RegisterClass                     0x0800430e   Section        0  usbh_core.o(i.USBH_RegisterClass)
    i.USBH_SelectInterface                   0x08004340   Section        0  usbh_core.o(i.USBH_SelectInterface)
    i.USBH_SetAddress                        0x08004368   Section        0  usbh_ctlreq.o(i.USBH_SetAddress)
    i.USBH_SetCfg                            0x08004390   Section        0  usbh_ctlreq.o(i.USBH_SetCfg)
    i.USBH_SetFeature                        0x080043b8   Section        0  usbh_ctlreq.o(i.USBH_SetFeature)
    i.USBH_Start                             0x080043e0   Section        0  usbh_core.o(i.USBH_Start)
    i.USBH_UserProcess                       0x080043f8   Section        0  usb_host.o(i.USBH_UserProcess)
    USBH_UserProcess                         0x080043f9   Thumb Code    50  usb_host.o(i.USBH_UserProcess)
    i.USB_CoreInit                           0x08004430   Section        0  stm32f4xx_ll_usb.o(i.USB_CoreInit)
    i.USB_CoreReset                          0x080044b4   Section        0  stm32f4xx_ll_usb.o(i.USB_CoreReset)
    USB_CoreReset                            0x080044b5   Thumb Code    84  stm32f4xx_ll_usb.o(i.USB_CoreReset)
    i.USB_DisableGlobalInt                   0x0800450c   Section        0  stm32f4xx_ll_usb.o(i.USB_DisableGlobalInt)
    i.USB_DoPing                             0x0800451c   Section        0  stm32f4xx_ll_usb.o(i.USB_DoPing)
    i.USB_DriveVbus                          0x08004560   Section        0  stm32f4xx_ll_usb.o(i.USB_DriveVbus)
    i.USB_EnableGlobalInt                    0x080045aa   Section        0  stm32f4xx_ll_usb.o(i.USB_EnableGlobalInt)
    i.USB_FlushRxFifo                        0x080045b8   Section        0  stm32f4xx_ll_usb.o(i.USB_FlushRxFifo)
    i.USB_FlushTxFifo                        0x0800460c   Section        0  stm32f4xx_ll_usb.o(i.USB_FlushTxFifo)
    i.USB_GetCurrentFrame                    0x08004664   Section        0  stm32f4xx_ll_usb.o(i.USB_GetCurrentFrame)
    i.USB_GetHostSpeed                       0x08004672   Section        0  stm32f4xx_ll_usb.o(i.USB_GetHostSpeed)
    i.USB_GetMode                            0x0800468a   Section        0  stm32f4xx_ll_usb.o(i.USB_GetMode)
    i.USB_HC_Halt                            0x08004694   Section        0  stm32f4xx_ll_usb.o(i.USB_HC_Halt)
    i.USB_HC_Init                            0x08004806   Section        0  stm32f4xx_ll_usb.o(i.USB_HC_Init)
    i.USB_HC_ReadInterrupt                   0x080049c8   Section        0  stm32f4xx_ll_usb.o(i.USB_HC_ReadInterrupt)
    i.USB_HC_StartXfer                       0x080049d8   Section        0  stm32f4xx_ll_usb.o(i.USB_HC_StartXfer)
    i.USB_HostInit                           0x08004ba8   Section        0  stm32f4xx_ll_usb.o(i.USB_HostInit)
    i.USB_InitFSLSPClkSel                    0x08004ca4   Section        0  stm32f4xx_ll_usb.o(i.USB_InitFSLSPClkSel)
    i.USB_ReadInterrupts                     0x08004ce8   Section        0  stm32f4xx_ll_usb.o(i.USB_ReadInterrupts)
    i.USB_ReadPacket                         0x08004cf2   Section        0  stm32f4xx_ll_usb.o(i.USB_ReadPacket)
    i.USB_ResetPort                          0x08004d52   Section        0  stm32f4xx_ll_usb.o(i.USB_ResetPort)
    i.USB_SetCurrentMode                     0x08004d8e   Section        0  stm32f4xx_ll_usb.o(i.USB_SetCurrentMode)
    i.USB_StopHost                           0x08004df6   Section        0  stm32f4xx_ll_usb.o(i.USB_StopHost)
    i.USB_WritePacket                        0x08004ebc   Section        0  stm32f4xx_ll_usb.o(i.USB_WritePacket)
    i.UsageFault_Handler                     0x08004f00   Section        0  stm32f4xx_it.o(i.UsageFault_Handler)
    i.__NVIC_GetPriorityGrouping             0x08004f04   Section        0  stm32f4xx_hal_cortex.o(i.__NVIC_GetPriorityGrouping)
    __NVIC_GetPriorityGrouping               0x08004f05   Thumb Code    10  stm32f4xx_hal_cortex.o(i.__NVIC_GetPriorityGrouping)
    i.__NVIC_SetPriority                     0x08004f14   Section        0  stm32f4xx_hal_cortex.o(i.__NVIC_SetPriority)
    __NVIC_SetPriority                       0x08004f15   Thumb Code    32  stm32f4xx_hal_cortex.o(i.__NVIC_SetPriority)
    i.main                                   0x08004f3c   Section        0  main.o(i.main)
    x$fpl$fpinit                             0x08004f54   Section       10  fpinit.o(x$fpl$fpinit)
    $v0                                      0x08004f54   Number         0  fpinit.o(x$fpl$fpinit)
    .constdata                               0x08004f5e   Section       24  system_stm32f4xx.o(.constdata)
    .constdata                               0x08004f78   Section      780  usbh_hid_keybd.o(.constdata)
    imp_0_lctrl                              0x08004f78   Data          32  usbh_hid_keybd.o(.constdata)
    imp_0_lshift                             0x08004f98   Data          32  usbh_hid_keybd.o(.constdata)
    imp_0_lalt                               0x08004fb8   Data          32  usbh_hid_keybd.o(.constdata)
    imp_0_lgui                               0x08004fd8   Data          32  usbh_hid_keybd.o(.constdata)
    imp_0_rctrl                              0x08004ff8   Data          32  usbh_hid_keybd.o(.constdata)
    imp_0_rshift                             0x08005018   Data          32  usbh_hid_keybd.o(.constdata)
    imp_0_ralt                               0x08005038   Data          32  usbh_hid_keybd.o(.constdata)
    imp_0_rgui                               0x08005058   Data          32  usbh_hid_keybd.o(.constdata)
    imp_0_key_array                          0x08005078   Data          32  usbh_hid_keybd.o(.constdata)
    HID_KEYBRD_Key                           0x08005098   Data         130  usbh_hid_keybd.o(.constdata)
    HID_KEYBRD_ShiftKey                      0x0800511a   Data         130  usbh_hid_keybd.o(.constdata)
    HID_KEYBRD_Codes                         0x0800519c   Data         232  usbh_hid_keybd.o(.constdata)
    .conststring                             0x08005284   Section        4  usbh_hid.o(.conststring)
    .data                                    0x20000000   Section        3  usb_host.o(.data)
    .data                                    0x20000004   Section        9  stm32f4xx_hal.o(.data)
    .data                                    0x20000010   Section        4  system_stm32f4xx.o(.data)
    .data                                    0x20000014   Section       32  usbh_hid.o(.data)
    .data                                    0x20000034   Section       16  usbh_hid_keybd.o(.data)
    .data                                    0x20000044   Section       24  usbh_hid_mouse.o(.data)
    .bss                                     0x2000005c   Section     1239  usb_host.o(.bss)
    .bss                                     0x20000534   Section      772  usbh_conf.o(.bss)
    .bss                                     0x20000838   Section       15  usbh_hid_keybd.o(.bss)
    .bss                                     0x20000848   Section       96  libspace.o(.bss)
    HEAP                                     0x200008a8   Section      512  startup_stm32f401xc.o(HEAP)
    Heap_Mem                                 0x200008a8   Data         512  startup_stm32f401xc.o(HEAP)
    STACK                                    0x20000aa8   Section     1024  startup_stm32f401xc.o(STACK)
    Stack_Mem                                0x20000aa8   Data        1024  startup_stm32f401xc.o(STACK)
    __initial_sp                             0x20000ea8   Data           0  startup_stm32f401xc.o(STACK)

    Global Symbols

    Symbol Name                              Value     Ov Type        Size  Object(Section)

    BuildAttributes$$THM_ISAv4$E$P$D$K$B$S$7EM$VFPi3$EXTD16$VFPS$VFMA$PE$A:L22UL41UL21$X:L11$S22US41US21$IEEE1$IW$USESV6$~STKCKD$USESV7$~SHL$OTIME$ROPI$EBA8$UX$STANDARDLIB$REQ8$PRES8$EABIv2 0x00000000   Number         0  anon$$obj.o ABSOLUTE
    __ARM_use_no_argv                        0x00000000   Number         0  main.o ABSOLUTE
    __ARM_exceptions_init                     - Undefined Weak Reference
    __alloca_initialize                       - Undefined Weak Reference
    __arm_preinit_                            - Undefined Weak Reference
    __cpp_initialize__aeabi_                  - Undefined Weak Reference
    __cxa_finalize                            - Undefined Weak Reference
    __rt_locale                               - Undefined Weak Reference
    __sigvec_lookup                           - Undefined Weak Reference
    __user_heap_extent                        - Undefined Weak Reference
    _atexit_init                              - Undefined Weak Reference
    _call_atexit_fns                          - Undefined Weak Reference
    _clock_init                               - Undefined Weak Reference
    _fp_trap_init                             - Undefined Weak Reference
    _fp_trap_shutdown                         - Undefined Weak Reference
    _get_lc_collate                           - Undefined Weak Reference
    _get_lc_ctype                             - Undefined Weak Reference
    _get_lc_monetary                          - Undefined Weak Reference
    _get_lc_numeric                           - Undefined Weak Reference
    _get_lc_time                              - Undefined Weak Reference
    _getenv_init                              - Undefined Weak Reference
    _handle_redirection                       - Undefined Weak Reference
    _initio                                   - Undefined Weak Reference
    _mutex_acquire                            - Undefined Weak Reference
    _mutex_free                               - Undefined Weak Reference
    _mutex_release                            - Undefined Weak Reference
    _rand_init                                - Undefined Weak Reference
    _signal_finish                            - Undefined Weak Reference
    _signal_init                              - Undefined Weak Reference
    _terminateio                              - Undefined Weak Reference
    __Vectors_Size                           0x00000194   Number         0  startup_stm32f401xc.o ABSOLUTE
    __Vectors                                0x08000000   Data           4  startup_stm32f401xc.o(RESET)
    __Vectors_End                            0x08000194   Data           0  startup_stm32f401xc.o(RESET)
    __main                                   0x08000195   Thumb Code     8  __main.o(!!!main)
    __scatterload                            0x0800019d   Thumb Code     0  __scatter.o(!!!scatter)
    __scatterload_rt2                        0x0800019d   Thumb Code    44  __scatter.o(!!!scatter)
    __scatterload_rt2_thumb_only             0x0800019d   Thumb Code     0  __scatter.o(!!!scatter)
    __scatterload_null                       0x080001ab   Thumb Code     0  __scatter.o(!!!scatter)
    __scatterload_copy                       0x080001d1   Thumb Code    26  __scatter_copy.o(!!handler_copy)
    __scatterload_zeroinit                   0x080001ed   Thumb Code    28  __scatter_zi.o(!!handler_zi)
    __rt_lib_init                            0x08000209   Thumb Code     0  libinit.o(.ARM.Collect$$libinit$$00000000)
    __rt_lib_init_fp_1                       0x0800020b   Thumb Code     0  libinit2.o(.ARM.Collect$$libinit$$00000001)
    __rt_lib_init_heap_2                     0x0800020f   Thumb Code     0  libinit2.o(.ARM.Collect$$libinit$$00000005)
    __rt_lib_init_preinit_1                  0x0800020f   Thumb Code     0  libinit2.o(.ARM.Collect$$libinit$$00000004)
    __rt_lib_init_alloca_1                   0x08000217   Thumb Code     0  libinit2.o(.ARM.Collect$$libinit$$0000002E)
    __rt_lib_init_argv_1                     0x08000217   Thumb Code     0  libinit2.o(.ARM.Collect$$libinit$$0000002C)
    __rt_lib_init_atexit_1                   0x08000217   Thumb Code     0  libinit2.o(.ARM.Collect$$libinit$$0000001B)
    __rt_lib_init_clock_1                    0x08000217   Thumb Code     0  libinit2.o(.ARM.Collect$$libinit$$00000021)
    __rt_lib_init_cpp_1                      0x08000217   Thumb Code     0  libinit2.o(.ARM.Collect$$libinit$$00000032)
    __rt_lib_init_exceptions_1               0x08000217   Thumb Code     0  libinit2.o(.ARM.Collect$$libinit$$00000030)
    __rt_lib_init_fp_trap_1                  0x08000217   Thumb Code     0  libinit2.o(.ARM.Collect$$libinit$$0000001F)
    __rt_lib_init_getenv_1                   0x08000217   Thumb Code     0  libinit2.o(.ARM.Collect$$libinit$$00000023)
    __rt_lib_init_heap_1                     0x08000217   Thumb Code     0  libinit2.o(.ARM.Collect$$libinit$$0000000A)
    __rt_lib_init_lc_collate_1               0x08000217   Thumb Code     0  libinit2.o(.ARM.Collect$$libinit$$00000011)
    __rt_lib_init_lc_ctype_1                 0x08000217   Thumb Code     0  libinit2.o(.ARM.Collect$$libinit$$00000013)
    __rt_lib_init_lc_monetary_1              0x08000217   Thumb Code     0  libinit2.o(.ARM.Collect$$libinit$$00000015)
    __rt_lib_init_lc_numeric_1               0x08000217   Thumb Code     0  libinit2.o(.ARM.Collect$$libinit$$00000017)
    __rt_lib_init_lc_time_1                  0x08000217   Thumb Code     0  libinit2.o(.ARM.Collect$$libinit$$00000019)
    __rt_lib_init_rand_1                     0x08000217   Thumb Code     0  libinit2.o(.ARM.Collect$$libinit$$0000000E)
    __rt_lib_init_return                     0x08000217   Thumb Code     0  libinit2.o(.ARM.Collect$$libinit$$00000033)
    __rt_lib_init_signal_1                   0x08000217   Thumb Code     0  libinit2.o(.ARM.Collect$$libinit$$0000001D)
    __rt_lib_init_stdio_1                    0x08000217   Thumb Code     0  libinit2.o(.ARM.Collect$$libinit$$00000025)
    __rt_lib_init_user_alloc_1               0x08000217   Thumb Code     0  libinit2.o(.ARM.Collect$$libinit$$0000000C)
    __rt_lib_shutdown                        0x08000219   Thumb Code     0  libshutdown.o(.ARM.Collect$$libshutdown$$00000000)
    __rt_lib_shutdown_cpp_1                  0x0800021b   Thumb Code     0  libshutdown2.o(.ARM.Collect$$libshutdown$$00000002)
    __rt_lib_shutdown_fp_trap_1              0x0800021b   Thumb Code     0  libshutdown2.o(.ARM.Collect$$libshutdown$$00000007)
    __rt_lib_shutdown_heap_1                 0x0800021b   Thumb Code     0  libshutdown2.o(.ARM.Collect$$libshutdown$$0000000F)
    __rt_lib_shutdown_return                 0x0800021b   Thumb Code     0  libshutdown2.o(.ARM.Collect$$libshutdown$$00000010)
    __rt_lib_shutdown_signal_1               0x0800021b   Thumb Code     0  libshutdown2.o(.ARM.Collect$$libshutdown$$0000000A)
    __rt_lib_shutdown_stdio_1                0x0800021b   Thumb Code     0  libshutdown2.o(.ARM.Collect$$libshutdown$$00000004)
    __rt_lib_shutdown_user_alloc_1           0x0800021b   Thumb Code     0  libshutdown2.o(.ARM.Collect$$libshutdown$$0000000C)
    __rt_entry                               0x0800021d   Thumb Code     0  __rtentry.o(.ARM.Collect$$rtentry$$00000000)
    __rt_entry_presh_1                       0x0800021d   Thumb Code     0  __rtentry2.o(.ARM.Collect$$rtentry$$00000002)
    __rt_entry_sh                            0x0800021d   Thumb Code     0  __rtentry4.o(.ARM.Collect$$rtentry$$00000004)
    __rt_entry_li                            0x08000223   Thumb Code     0  __rtentry2.o(.ARM.Collect$$rtentry$$0000000A)
    __rt_entry_postsh_1                      0x08000223   Thumb Code     0  __rtentry2.o(.ARM.Collect$$rtentry$$00000009)
    __rt_entry_main                          0x08000227   Thumb Code     0  __rtentry2.o(.ARM.Collect$$rtentry$$0000000D)
    __rt_entry_postli_1                      0x08000227   Thumb Code     0  __rtentry2.o(.ARM.Collect$$rtentry$$0000000C)
    __rt_exit                                0x0800022f   Thumb Code     0  rtexit.o(.ARM.Collect$$rtexit$$00000000)
    __rt_exit_ls                             0x08000231   Thumb Code     0  rtexit2.o(.ARM.Collect$$rtexit$$00000003)
    __rt_exit_prels_1                        0x08000231   Thumb Code     0  rtexit2.o(.ARM.Collect$$rtexit$$00000002)
    __rt_exit_exit                           0x08000235   Thumb Code     0  rtexit2.o(.ARM.Collect$$rtexit$$00000004)
    Reset_Handler                            0x0800023d   Thumb Code     8  startup_stm32f401xc.o(.text)
    _maybe_terminate_alloc                   0x0800023d   Thumb Code     0  maybetermalloc1.o(.emb_text)
    ADC_IRQHandler                           0x08000257   Thumb Code     0  startup_stm32f401xc.o(.text)
    DMA1_Stream0_IRQHandler                  0x08000257   Thumb Code     0  startup_stm32f401xc.o(.text)
    DMA1_Stream1_IRQHandler                  0x08000257   Thumb Code     0  startup_stm32f401xc.o(.text)
    DMA1_Stream2_IRQHandler                  0x08000257   Thumb Code     0  startup_stm32f401xc.o(.text)
    DMA1_Stream3_IRQHandler                  0x08000257   Thumb Code     0  startup_stm32f401xc.o(.text)
    DMA1_Stream4_IRQHandler                  0x08000257   Thumb Code     0  startup_stm32f401xc.o(.text)
    DMA1_Stream5_IRQHandler                  0x08000257   Thumb Code     0  startup_stm32f401xc.o(.text)
    DMA1_Stream6_IRQHandler                  0x08000257   Thumb Code     0  startup_stm32f401xc.o(.text)
    DMA1_Stream7_IRQHandler                  0x08000257   Thumb Code     0  startup_stm32f401xc.o(.text)
    DMA2_Stream0_IRQHandler                  0x08000257   Thumb Code     0  startup_stm32f401xc.o(.text)
    DMA2_Stream1_IRQHandler                  0x08000257   Thumb Code     0  startup_stm32f401xc.o(.text)
    DMA2_Stream2_IRQHandler                  0x08000257   Thumb Code     0  startup_stm32f401xc.o(.text)
    DMA2_Stream3_IRQHandler                  0x08000257   Thumb Code     0  startup_stm32f401xc.o(.text)
    DMA2_Stream4_IRQHandler                  0x08000257   Thumb Code     0  startup_stm32f401xc.o(.text)
    DMA2_Stream5_IRQHandler                  0x08000257   Thumb Code     0  startup_stm32f401xc.o(.text)
    DMA2_Stream6_IRQHandler                  0x08000257   Thumb Code     0  startup_stm32f401xc.o(.text)
    DMA2_Stream7_IRQHandler                  0x08000257   Thumb Code     0  startup_stm32f401xc.o(.text)
    EXTI0_IRQHandler                         0x08000257   Thumb Code     0  startup_stm32f401xc.o(.text)
    EXTI15_10_IRQHandler                     0x08000257   Thumb Code     0  startup_stm32f401xc.o(.text)
    EXTI1_IRQHandler                         0x08000257   Thumb Code     0  startup_stm32f401xc.o(.text)
    EXTI2_IRQHandler                         0x08000257   Thumb Code     0  startup_stm32f401xc.o(.text)
    EXTI3_IRQHandler                         0x08000257   Thumb Code     0  startup_stm32f401xc.o(.text)
    EXTI4_IRQHandler                         0x08000257   Thumb Code     0  startup_stm32f401xc.o(.text)
    EXTI9_5_IRQHandler                       0x08000257   Thumb Code     0  startup_stm32f401xc.o(.text)
    FLASH_IRQHandler                         0x08000257   Thumb Code     0  startup_stm32f401xc.o(.text)
    FPU_IRQHandler                           0x08000257   Thumb Code     0  startup_stm32f401xc.o(.text)
    I2C1_ER_IRQHandler                       0x08000257   Thumb Code     0  startup_stm32f401xc.o(.text)
    I2C1_EV_IRQHandler                       0x08000257   Thumb Code     0  startup_stm32f401xc.o(.text)
    I2C2_ER_IRQHandler                       0x08000257   Thumb Code     0  startup_stm32f401xc.o(.text)
    I2C2_EV_IRQHandler                       0x08000257   Thumb Code     0  startup_stm32f401xc.o(.text)
    I2C3_ER_IRQHandler                       0x08000257   Thumb Code     0  startup_stm32f401xc.o(.text)
    I2C3_EV_IRQHandler                       0x08000257   Thumb Code     0  startup_stm32f401xc.o(.text)
    OTG_FS_WKUP_IRQHandler                   0x08000257   Thumb Code     0  startup_stm32f401xc.o(.text)
    PVD_IRQHandler                           0x08000257   Thumb Code     0  startup_stm32f401xc.o(.text)
    RCC_IRQHandler                           0x08000257   Thumb Code     0  startup_stm32f401xc.o(.text)
    RTC_Alarm_IRQHandler                     0x08000257   Thumb Code     0  startup_stm32f401xc.o(.text)
    RTC_WKUP_IRQHandler                      0x08000257   Thumb Code     0  startup_stm32f401xc.o(.text)
    SDIO_IRQHandler                          0x08000257   Thumb Code     0  startup_stm32f401xc.o(.text)
    SPI1_IRQHandler                          0x08000257   Thumb Code     0  startup_stm32f401xc.o(.text)
    SPI2_IRQHandler                          0x08000257   Thumb Code     0  startup_stm32f401xc.o(.text)
    SPI3_IRQHandler                          0x08000257   Thumb Code     0  startup_stm32f401xc.o(.text)
    SPI4_IRQHandler                          0x08000257   Thumb Code     0  startup_stm32f401xc.o(.text)
    TAMP_STAMP_IRQHandler                    0x08000257   Thumb Code     0  startup_stm32f401xc.o(.text)
    TIM1_BRK_TIM9_IRQHandler                 0x08000257   Thumb Code     0  startup_stm32f401xc.o(.text)
    TIM1_CC_IRQHandler                       0x08000257   Thumb Code     0  startup_stm32f401xc.o(.text)
    TIM1_TRG_COM_TIM11_IRQHandler            0x08000257   Thumb Code     0  startup_stm32f401xc.o(.text)
    TIM1_UP_TIM10_IRQHandler                 0x08000257   Thumb Code     0  startup_stm32f401xc.o(.text)
    TIM2_IRQHandler                          0x08000257   Thumb Code     0  startup_stm32f401xc.o(.text)
    TIM3_IRQHandler                          0x08000257   Thumb Code     0  startup_stm32f401xc.o(.text)
    TIM4_IRQHandler                          0x08000257   Thumb Code     0  startup_stm32f401xc.o(.text)
    TIM5_IRQHandler                          0x08000257   Thumb Code     0  startup_stm32f401xc.o(.text)
    USART1_IRQHandler                        0x08000257   Thumb Code     0  startup_stm32f401xc.o(.text)
    USART2_IRQHandler                        0x08000257   Thumb Code     0  startup_stm32f401xc.o(.text)
    USART6_IRQHandler                        0x08000257   Thumb Code     0  startup_stm32f401xc.o(.text)
    WWDG_IRQHandler                          0x08000257   Thumb Code     0  startup_stm32f401xc.o(.text)
    __user_initial_stackheap                 0x08000259   Thumb Code     0  startup_stm32f401xc.o(.text)
    malloc                                   0x0800027d   Thumb Code    94  h1_alloc.o(.text)
    free                                     0x080002db   Thumb Code    78  h1_free.o(.text)
    __aeabi_uldivmod                         0x08000329   Thumb Code     0  lludivv7m.o(.text)
    _ll_udiv                                 0x08000329   Thumb Code   238  lludivv7m.o(.text)
    __aeabi_memcpy4                          0x08000417   Thumb Code     0  rt_memcpy_w.o(.text)
    __aeabi_memcpy8                          0x08000417   Thumb Code     0  rt_memcpy_w.o(.text)
    __rt_memcpy_w                            0x08000417   Thumb Code   100  rt_memcpy_w.o(.text)
    _memcpy_lastbytes_aligned                0x0800045f   Thumb Code     0  rt_memcpy_w.o(.text)
    __aeabi_memclr4                          0x0800047b   Thumb Code     0  rt_memclr_w.o(.text)
    __aeabi_memclr8                          0x0800047b   Thumb Code     0  rt_memclr_w.o(.text)
    __rt_memclr_w                            0x0800047b   Thumb Code    78  rt_memclr_w.o(.text)
    _memset_w                                0x0800047f   Thumb Code     0  rt_memclr_w.o(.text)
    __use_two_region_memory                  0x080004c9   Thumb Code     2  heapauxi.o(.text)
    __rt_heap_escrow                         0x080004cb   Thumb Code     2  heapauxi.o(.text)
    __rt_heap_expand                         0x080004cd   Thumb Code     2  heapauxi.o(.text)
    __rt_heap_descriptor                     0x080004d1   Thumb Code     8  rt_heap_descriptor_intlibspace.o(.text)
    __use_no_heap                            0x080004d9   Thumb Code     2  hguard.o(.text)
    __heap$guard                             0x080004db   Thumb Code     2  hguard.o(.text)
    _terminate_user_alloc                    0x080004dd   Thumb Code     2  init_alloc.o(.text)
    _init_user_alloc                         0x080004df   Thumb Code     2  init_alloc.o(.text)
    __Heap_Full                              0x080004e1   Thumb Code    34  init_alloc.o(.text)
    __Heap_Broken                            0x08000503   Thumb Code     6  init_alloc.o(.text)
    _init_alloc                              0x08000509   Thumb Code    94  init_alloc.o(.text)
    __Heap_Initialize                        0x08000567   Thumb Code    10  h1_init.o(.text)
    __Heap_DescSize                          0x08000571   Thumb Code     4  h1_init.o(.text)
    __user_libspace                          0x08000575   Thumb Code     8  libspace.o(.text)
    __user_perproc_libspace                  0x08000575   Thumb Code     0  libspace.o(.text)
    __user_perthread_libspace                0x08000575   Thumb Code     0  libspace.o(.text)
    __Heap_ProvideMemory                     0x0800057d   Thumb Code    52  h1_extend.o(.text)
    __rt_SIGRTMEM                            0x080005b1   Thumb Code    14  defsig_rtmem_outer.o(.text)
    __I$use$semihosting                      0x080005bf   Thumb Code     0  use_no_semi.o(.text)
    __use_no_semihosting_swi                 0x080005bf   Thumb Code     2  use_no_semi.o(.text)
    __semihosting_library_function           0x080005c1   Thumb Code     0  indicate_semi.o(.text)
    __user_setup_stackheap                   0x080005c1   Thumb Code    74  sys_stackheap_outer.o(.text)
    exit                                     0x0800060b   Thumb Code    18  exit.o(.text)
    __sig_exit                               0x0800061d   Thumb Code    10  defsig_exit.o(.text)
    __rt_SIGRTMEM_inner                      0x08000629   Thumb Code    22  defsig_rtmem_inner.o(.text)
    _sys_exit                                0x08000679   Thumb Code     8  sys_exit.o(.text)
    __default_signal_display                 0x08000685   Thumb Code    50  defsig_general.o(.text)
    _ttywrch                                 0x080006b7   Thumb Code    14  sys_wrch.o(.text)
    BusFault_Handler                         0x080006c5   Thumb Code     4  stm32f4xx_it.o(i.BusFault_Handler)
    DebugMon_Handler                         0x08000727   Thumb Code     2  stm32f4xx_it.o(i.DebugMon_Handler)
    Error_Handler                            0x08000729   Thumb Code     6  main.o(i.Error_Handler)
    HAL_Delay                                0x08000731   Thumb Code    36  stm32f4xx_hal.o(i.HAL_Delay)
    HAL_GPIO_Init                            0x08000759   Thumb Code   424  stm32f4xx_hal_gpio.o(i.HAL_GPIO_Init)
    HAL_GetTick                              0x08000921   Thumb Code     6  stm32f4xx_hal.o(i.HAL_GetTick)
    HAL_HCD_Connect_Callback                 0x0800092d   Thumb Code    14  usbh_conf.o(i.HAL_HCD_Connect_Callback)
    HAL_HCD_Disconnect_Callback              0x0800093b   Thumb Code    14  usbh_conf.o(i.HAL_HCD_Disconnect_Callback)
    HAL_HCD_GetCurrentFrame                  0x08000949   Thumb Code    12  stm32f4xx_hal_hcd.o(i.HAL_HCD_GetCurrentFrame)
    HAL_HCD_GetCurrentSpeed                  0x08000955   Thumb Code    12  stm32f4xx_hal_hcd.o(i.HAL_HCD_GetCurrentSpeed)
    HAL_HCD_HC_GetURBState                   0x08000961   Thumb Code    24  stm32f4xx_hal_hcd.o(i.HAL_HCD_HC_GetURBState)
    HAL_HCD_HC_GetXferCount                  0x08000979   Thumb Code    22  stm32f4xx_hal_hcd.o(i.HAL_HCD_HC_GetXferCount)
    HAL_HCD_HC_Halt                          0x0800098f   Thumb Code    52  stm32f4xx_hal_hcd.o(i.HAL_HCD_HC_Halt)
    HAL_HCD_HC_Init                          0x080009c3   Thumb Code   262  stm32f4xx_hal_hcd.o(i.HAL_HCD_HC_Init)
    HAL_HCD_HC_NotifyURBChange_Callback      0x08000ac9   Thumb Code     2  usbh_conf.o(i.HAL_HCD_HC_NotifyURBChange_Callback)
    HAL_HCD_HC_SubmitRequest                 0x08000acb   Thumb Code   676  stm32f4xx_hal_hcd.o(i.HAL_HCD_HC_SubmitRequest)
    HAL_HCD_IRQHandler                       0x08000d6f   Thumb Code   376  stm32f4xx_hal_hcd.o(i.HAL_HCD_IRQHandler)
    HAL_HCD_Init                             0x08000ee7   Thumb Code   116  stm32f4xx_hal_hcd.o(i.HAL_HCD_Init)
    HAL_HCD_MspInit                          0x08000f5d   Thumb Code   160  usbh_conf.o(i.HAL_HCD_MspInit)
    HAL_HCD_PortDisabled_Callback            0x08001005   Thumb Code    14  usbh_conf.o(i.HAL_HCD_PortDisabled_Callback)
    HAL_HCD_PortEnabled_Callback             0x08001013   Thumb Code    14  usbh_conf.o(i.HAL_HCD_PortEnabled_Callback)
    HAL_HCD_ResetPort                        0x08001021   Thumb Code    12  stm32f4xx_hal_hcd.o(i.HAL_HCD_ResetPort)
    HAL_HCD_SOF_Callback                     0x0800102d   Thumb Code    14  usbh_conf.o(i.HAL_HCD_SOF_Callback)
    HAL_HCD_Start                            0x0800103b   Thumb Code    54  stm32f4xx_hal_hcd.o(i.HAL_HCD_Start)
    HAL_HCD_Stop                             0x08001071   Thumb Code    46  stm32f4xx_hal_hcd.o(i.HAL_HCD_Stop)
    HAL_IncTick                              0x080010a1   Thumb Code    16  stm32f4xx_hal.o(i.HAL_IncTick)
    HAL_Init                                 0x080010b9   Thumb Code    54  stm32f4xx_hal.o(i.HAL_Init)
    HAL_InitTick                             0x080010f5   Thumb Code    64  stm32f4xx_hal.o(i.HAL_InitTick)
    HAL_MspInit                              0x08001141   Thumb Code    68  stm32f4xx_hal_msp.o(i.HAL_MspInit)
    HAL_NVIC_EnableIRQ                       0x08001189   Thumb Code    32  stm32f4xx_hal_cortex.o(i.HAL_NVIC_EnableIRQ)
    HAL_NVIC_SetPriority                     0x080011a9   Thumb Code   124  stm32f4xx_hal_cortex.o(i.HAL_NVIC_SetPriority)
    HAL_NVIC_SetPriorityGrouping             0x08001225   Thumb Code    32  stm32f4xx_hal_cortex.o(i.HAL_NVIC_SetPriorityGrouping)
    HAL_RCC_ClockConfig                      0x0800124d   Thumb Code   368  stm32f4xx_hal_rcc.o(i.HAL_RCC_ClockConfig)
    HAL_RCC_GetSysClockFreq                  0x080013d1   Thumb Code   162  stm32f4xx_hal_rcc.o(i.HAL_RCC_GetSysClockFreq)
    HAL_RCC_OscConfig                        0x08001481   Thumb Code  1172  stm32f4xx_hal_rcc.o(i.HAL_RCC_OscConfig)
    HAL_SYSTICK_Config                       0x0800191d   Thumb Code    52  stm32f4xx_hal_cortex.o(i.HAL_SYSTICK_Config)
    HID_ReadItem                             0x0800280d   Thumb Code   200  usbh_hid_parser.o(i.HID_ReadItem)
    HardFault_Handler                        0x080028d5   Thumb Code     4  stm32f4xx_it.o(i.HardFault_Handler)
    MX_GPIO_Init                             0x080028d9   Thumb Code    66  gpio.o(i.MX_GPIO_Init)
    MX_USB_HOST_Init                         0x08002921   Thumb Code    46  usb_host.o(i.MX_USB_HOST_Init)
    MX_USB_HOST_Process                      0x0800295d   Thumb Code    74  usb_host.o(i.MX_USB_HOST_Process)
    MemManage_Handler                        0x080029b9   Thumb Code     4  stm32f4xx_it.o(i.MemManage_Handler)
    NMI_Handler                              0x080029bd   Thumb Code     4  stm32f4xx_it.o(i.NMI_Handler)
    OTG_FS_IRQHandler                        0x080029c1   Thumb Code    10  stm32f4xx_it.o(i.OTG_FS_IRQHandler)
    PendSV_Handler                           0x080029d1   Thumb Code     2  stm32f4xx_it.o(i.PendSV_Handler)
    SVC_Handler                              0x080029d3   Thumb Code     2  stm32f4xx_it.o(i.SVC_Handler)
    SysTick_Handler                          0x080029d5   Thumb Code     8  stm32f4xx_it.o(i.SysTick_Handler)
    SystemClock_Config                       0x080029dd   Thumb Code   172  main.o(i.SystemClock_Config)
    SystemInit                               0x08002a91   Thumb Code    14  system_stm32f4xx.o(i.SystemInit)
    USBH_AllocPipe                           0x08002aa5   Thumb Code    42  usbh_pipes.o(i.USBH_AllocPipe)
    USBH_ClosePipe                           0x08002acf   Thumb Code    18  usbh_pipes.o(i.USBH_ClosePipe)
    USBH_ClrFeature                          0x08002ae1   Thumb Code    40  usbh_ctlreq.o(i.USBH_ClrFeature)
    USBH_CtlReceiveData                      0x08002b09   Thumb Code    42  usbh_ioreq.o(i.USBH_CtlReceiveData)
    USBH_CtlReq                              0x08002b33   Thumb Code    84  usbh_ctlreq.o(i.USBH_CtlReq)
    USBH_CtlSendData                         0x08002b87   Thumb Code    52  usbh_ioreq.o(i.USBH_CtlSendData)
    USBH_CtlSendSetup                        0x08002bbb   Thumb Code    38  usbh_ioreq.o(i.USBH_CtlSendSetup)
    USBH_Delay                               0x08002be1   Thumb Code    12  usbh_conf.o(i.USBH_Delay)
    USBH_FindInterface                       0x08002bed   Thumb Code    80  usbh_core.o(i.USBH_FindInterface)
    USBH_FreePipe                            0x08002c3d   Thumb Code    30  usbh_pipes.o(i.USBH_FreePipe)
    USBH_GetDescriptor                       0x08002c5b   Thumb Code    74  usbh_ctlreq.o(i.USBH_GetDescriptor)
    USBH_GetNextDesc                         0x08002ccd   Thumb Code    18  usbh_ctlreq.o(i.USBH_GetNextDesc)
    USBH_Get_CfgDesc                         0x08002cdf   Thumb Code    46  usbh_ctlreq.o(i.USBH_Get_CfgDesc)
    USBH_Get_DevDesc                         0x08002d0d   Thumb Code    46  usbh_ctlreq.o(i.USBH_Get_DevDesc)
    USBH_Get_StringDesc                      0x08002d3b   Thumb Code    56  usbh_ctlreq.o(i.USBH_Get_StringDesc)
    USBH_Get_USB_Status                      0x08002d73   Thumb Code    44  usbh_conf.o(i.USBH_Get_USB_Status)
    USBH_HID_EventCallback                   0x08002e45   Thumb Code     2  usbh_hid.o(i.USBH_HID_EventCallback)
    USBH_HID_FifoInit                        0x08002e47   Thumb Code    14  usbh_hid.o(i.USBH_HID_FifoInit)
    USBH_HID_FifoRead                        0x08002e55   Thumb Code    82  usbh_hid.o(i.USBH_HID_FifoRead)
    USBH_HID_FifoWrite                       0x08002ea7   Thumb Code    96  usbh_hid.o(i.USBH_HID_FifoWrite)
    USBH_HID_GetASCIICode                    0x08002f09   Thumb Code    34  usbh_hid_keybd.o(i.USBH_HID_GetASCIICode)
    USBH_HID_GetDeviceType                   0x08002f39   Thumb Code    50  usbh_hid.o(i.USBH_HID_GetDeviceType)
    USBH_HID_GetHIDReportDescriptor          0x08002f6b   Thumb Code    30  usbh_hid.o(i.USBH_HID_GetHIDReportDescriptor)
    USBH_HID_GetKeybdInfo                    0x08002f89   Thumb Code    20  usbh_hid_keybd.o(i.USBH_HID_GetKeybdInfo)
    USBH_HID_GetReport                       0x08002fa1   Thumb Code    52  usbh_hid.o(i.USBH_HID_GetReport)
    USBH_HID_KeybdInit                       0x080032f9   Thumb Code    86  usbh_hid_keybd.o(i.USBH_HID_KeybdInit)
    USBH_HID_MouseInit                       0x0800335d   Thumb Code    84  usbh_hid_mouse.o(i.USBH_HID_MouseInit)
    USBH_HID_SetIdle                         0x0800352f   Thumb Code    40  usbh_hid.o(i.USBH_HID_SetIdle)
    USBH_HID_SetProtocol                     0x08003557   Thumb Code    44  usbh_hid.o(i.USBH_HID_SetProtocol)
    USBH_Init                                0x08003a35   Thumb Code    72  usbh_core.o(i.USBH_Init)
    USBH_InterruptReceiveData                0x08003a7d   Thumb Code    42  usbh_ioreq.o(i.USBH_InterruptReceiveData)
    USBH_LL_ClosePipe                        0x08003aa7   Thumb Code    38  usbh_conf.o(i.USBH_LL_ClosePipe)
    USBH_LL_Connect                          0x08003acd   Thumb Code    22  usbh_core.o(i.USBH_LL_Connect)
    USBH_LL_Disconnect                       0x08003ae3   Thumb Code    46  usbh_core.o(i.USBH_LL_Disconnect)
    USBH_LL_DriverVBUS                       0x08003b11   Thumb Code    26  usbh_conf.o(i.USBH_LL_DriverVBUS)
    USBH_LL_GetLastXferSize                  0x08003b2b   Thumb Code    18  usbh_conf.o(i.USBH_LL_GetLastXferSize)
    USBH_LL_GetSpeed                         0x08003b3d   Thumb Code    48  usbh_conf.o(i.USBH_LL_GetSpeed)
    USBH_LL_GetURBState                      0x08003b6d   Thumb Code    18  usbh_conf.o(i.USBH_LL_GetURBState)
    USBH_LL_IncTimer                         0x08003b7f   Thumb Code    22  usbh_core.o(i.USBH_LL_IncTimer)
    USBH_LL_Init                             0x08003b95   Thumb Code    82  usbh_conf.o(i.USBH_LL_Init)
    USBH_LL_OpenPipe                         0x08003bed   Thumb Code    64  usbh_conf.o(i.USBH_LL_OpenPipe)
    USBH_LL_PortDisabled                     0x08003c2d   Thumb Code     8  usbh_core.o(i.USBH_LL_PortDisabled)
    USBH_LL_PortEnabled                      0x08003c35   Thumb Code     8  usbh_core.o(i.USBH_LL_PortEnabled)
    USBH_LL_ResetPort                        0x08003c3d   Thumb Code    30  usbh_conf.o(i.USBH_LL_ResetPort)
    USBH_LL_SetTimer                         0x08003c5b   Thumb Code     6  usbh_core.o(i.USBH_LL_SetTimer)
    USBH_LL_SetToggle                        0x08003c61   Thumb Code    70  usbh_conf.o(i.USBH_LL_SetToggle)
    USBH_LL_Start                            0x08003ca7   Thumb Code    30  usbh_conf.o(i.USBH_LL_Start)
    USBH_LL_Stop                             0x08003cc5   Thumb Code    30  usbh_conf.o(i.USBH_LL_Stop)
    USBH_LL_SubmitURB                        0x08003ce3   Thumb Code    64  usbh_conf.o(i.USBH_LL_SubmitURB)
    USBH_OpenPipe                            0x08003d23   Thumb Code    42  usbh_pipes.o(i.USBH_OpenPipe)
    USBH_Process                             0x0800402d   Thumb Code   738  usbh_core.o(i.USBH_Process)
    USBH_RegisterClass                       0x0800430f   Thumb Code    50  usbh_core.o(i.USBH_RegisterClass)
    USBH_SelectInterface                     0x08004341   Thumb Code    40  usbh_core.o(i.USBH_SelectInterface)
    USBH_SetAddress                          0x08004369   Thumb Code    40  usbh_ctlreq.o(i.USBH_SetAddress)
    USBH_SetCfg                              0x08004391   Thumb Code    40  usbh_ctlreq.o(i.USBH_SetCfg)
    USBH_SetFeature                          0x080043b9   Thumb Code    40  usbh_ctlreq.o(i.USBH_SetFeature)
    USBH_Start                               0x080043e1   Thumb Code    22  usbh_core.o(i.USBH_Start)
    USB_CoreInit                             0x08004431   Thumb Code   128  stm32f4xx_ll_usb.o(i.USB_CoreInit)
    USB_DisableGlobalInt                     0x0800450d   Thumb Code    14  stm32f4xx_ll_usb.o(i.USB_DisableGlobalInt)
    USB_DoPing                               0x0800451d   Thumb Code    64  stm32f4xx_ll_usb.o(i.USB_DoPing)
    USB_DriveVbus                            0x08004561   Thumb Code    74  stm32f4xx_ll_usb.o(i.USB_DriveVbus)
    USB_EnableGlobalInt                      0x080045ab   Thumb Code    14  stm32f4xx_ll_usb.o(i.USB_EnableGlobalInt)
    USB_FlushRxFifo                          0x080045b9   Thumb Code    80  stm32f4xx_ll_usb.o(i.USB_FlushRxFifo)
    USB_FlushTxFifo                          0x0800460d   Thumb Code    84  stm32f4xx_ll_usb.o(i.USB_FlushTxFifo)
    USB_GetCurrentFrame                      0x08004665   Thumb Code    14  stm32f4xx_ll_usb.o(i.USB_GetCurrentFrame)
    USB_GetHostSpeed                         0x08004673   Thumb Code    24  stm32f4xx_ll_usb.o(i.USB_GetHostSpeed)
    USB_GetMode                              0x0800468b   Thumb Code    10  stm32f4xx_ll_usb.o(i.USB_GetMode)
    USB_HC_Halt                              0x08004695   Thumb Code   370  stm32f4xx_ll_usb.o(i.USB_HC_Halt)
    USB_HC_Init                              0x08004807   Thumb Code   450  stm32f4xx_ll_usb.o(i.USB_HC_Init)
    USB_HC_ReadInterrupt                     0x080049c9   Thumb Code    14  stm32f4xx_ll_usb.o(i.USB_HC_ReadInterrupt)
    USB_HC_StartXfer                         0x080049d9   Thumb Code   458  stm32f4xx_ll_usb.o(i.USB_HC_StartXfer)
    USB_HostInit                             0x08004ba9   Thumb Code   230  stm32f4xx_ll_usb.o(i.USB_HostInit)
    USB_InitFSLSPClkSel                      0x08004ca5   Thumb Code    68  stm32f4xx_ll_usb.o(i.USB_InitFSLSPClkSel)
    USB_ReadInterrupts                       0x08004ce9   Thumb Code    10  stm32f4xx_ll_usb.o(i.USB_ReadInterrupts)
    USB_ReadPacket                           0x08004cf3   Thumb Code    96  stm32f4xx_ll_usb.o(i.USB_ReadPacket)
    USB_ResetPort                            0x08004d53   Thumb Code    60  stm32f4xx_ll_usb.o(i.USB_ResetPort)
    USB_SetCurrentMode                       0x08004d8f   Thumb Code   104  stm32f4xx_ll_usb.o(i.USB_SetCurrentMode)
    USB_StopHost                             0x08004df7   Thumb Code   198  stm32f4xx_ll_usb.o(i.USB_StopHost)
    USB_WritePacket                          0x08004ebd   Thumb Code    68  stm32f4xx_ll_usb.o(i.USB_WritePacket)
    UsageFault_Handler                       0x08004f01   Thumb Code     4  stm32f4xx_it.o(i.UsageFault_Handler)
    main                                     0x08004f3d   Thumb Code    24  main.o(i.main)
    _fp_init                                 0x08004f55   Thumb Code    10  fpinit.o(x$fpl$fpinit)
    __fplib_config_fpu_vfp                   0x08004f5d   Thumb Code     0  fpinit.o(x$fpl$fpinit)
    __fplib_config_pureend_doubles           0x08004f5d   Thumb Code     0  fpinit.o(x$fpl$fpinit)
    AHBPrescTable                            0x08004f5e   Data          16  system_stm32f4xx.o(.constdata)
    APBPrescTable                            0x08004f6e   Data           8  system_stm32f4xx.o(.constdata)
    Region$$Table$$Base                      0x08005288   Number         0  anon$$obj.o(Region$$Table)
    Region$$Table$$Limit                     0x080052a8   Number         0  anon$$obj.o(Region$$Table)
    Appli_state                              0x20000000   Data           1  usb_host.o(.data)
    ascii                                    0x20000001   Data           1  usb_host.o(.data)
    str_index                                0x20000002   Data           1  usb_host.o(.data)
    uwTick                                   0x20000004   Data           4  stm32f4xx_hal.o(.data)
    uwTickPrio                               0x20000008   Data           4  stm32f4xx_hal.o(.data)
    uwTickFreq                               0x2000000c   Data           1  stm32f4xx_hal.o(.data)
    SystemCoreClock                          0x20000010   Data           4  system_stm32f4xx.o(.data)
    HID_Class                                0x20000014   Data          32  usbh_hid.o(.data)
    keybd_rx_report_buf                      0x20000034   Data           8  usbh_hid_keybd.o(.data)
    keybd_report_data                        0x2000003c   Data           8  usbh_hid_keybd.o(.data)
    mouse_info                               0x20000044   Data           5  usbh_hid_mouse.o(.data)
    mouse_report_data                        0x2000004c   Data           8  usbh_hid_mouse.o(.data)
    mouse_rx_report_buf                      0x20000054   Data           8  usbh_hid_mouse.o(.data)
    hUsbHostFS                               0x2000005c   Data         984  usb_host.o(.bss)
    str                                      0x20000434   Data         255  usb_host.o(.bss)
    hhcd_USB_OTG_FS                          0x20000534   Data         772  usbh_conf.o(.bss)
    keybd_info                               0x20000838   Data          15  usbh_hid_keybd.o(.bss)
    __libspace_start                         0x20000848   Data          96  libspace.o(.bss)
    __temporary_stack_top$libspace           0x200008a8   Data           0  libspace.o(.bss)



==============================================================================

Memory Map of the image

  Image Entry point : 0x08000195

  Load Region LR_IROM1 (Base: 0x08000000, Size: 0x00005304, Max: 0x00040000, ABSOLUTE)

    Execution Region ER_IROM1 (Exec base: 0x08000000, Load base: 0x08000000, Size: 0x000052a8, Max: 0x00040000, ABSOLUTE)

    Exec Addr    Load Addr    Size         Type   Attr      Idx    E Section Name        Object

    0x08000000   0x08000000   0x00000194   Data   RO            3    RESET               startup_stm32f401xc.o
    0x08000194   0x08000194   0x00000008   Code   RO         3032  * !!!main             c_w.l(__main.o)
    0x0800019c   0x0800019c   0x00000034   Code   RO         3243    !!!scatter          c_w.l(__scatter.o)
    0x080001d0   0x080001d0   0x0000001a   Code   RO         3245    !!handler_copy      c_w.l(__scatter_copy.o)
    0x080001ea   0x080001ea   0x00000002   PAD
    0x080001ec   0x080001ec   0x0000001c   Code   RO         3247    !!handler_zi        c_w.l(__scatter_zi.o)
    0x08000208   0x08000208   0x00000002   Code   RO         3182    .ARM.Collect$$libinit$$00000000  c_w.l(libinit.o)
    0x0800020a   0x0800020a   0x00000004   Code   RO         3068    .ARM.Collect$$libinit$$00000001  c_w.l(libinit2.o)
    0x0800020e   0x0800020e   0x00000000   Code   RO         3071    .ARM.Collect$$libinit$$00000004  c_w.l(libinit2.o)
    0x0800020e   0x0800020e   0x00000008   Code   RO         3072    .ARM.Collect$$libinit$$00000005  c_w.l(libinit2.o)
    0x08000216   0x08000216   0x00000000   Code   RO         3074    .ARM.Collect$$libinit$$0000000A  c_w.l(libinit2.o)
    0x08000216   0x08000216   0x00000000   Code   RO         3076    .ARM.Collect$$libinit$$0000000C  c_w.l(libinit2.o)
    0x08000216   0x08000216   0x00000000   Code   RO         3078    .ARM.Collect$$libinit$$0000000E  c_w.l(libinit2.o)
    0x08000216   0x08000216   0x00000000   Code   RO         3081    .ARM.Collect$$libinit$$00000011  c_w.l(libinit2.o)
    0x08000216   0x08000216   0x00000000   Code   RO         3083    .ARM.Collect$$libinit$$00000013  c_w.l(libinit2.o)
    0x08000216   0x08000216   0x00000000   Code   RO         3085    .ARM.Collect$$libinit$$00000015  c_w.l(libinit2.o)
    0x08000216   0x08000216   0x00000000   Code   RO         3087    .ARM.Collect$$libinit$$00000017  c_w.l(libinit2.o)
    0x08000216   0x08000216   0x00000000   Code   RO         3089    .ARM.Collect$$libinit$$00000019  c_w.l(libinit2.o)
    0x08000216   0x08000216   0x00000000   Code   RO         3091    .ARM.Collect$$libinit$$0000001B  c_w.l(libinit2.o)
    0x08000216   0x08000216   0x00000000   Code   RO         3093    .ARM.Collect$$libinit$$0000001D  c_w.l(libinit2.o)
    0x08000216   0x08000216   0x00000000   Code   RO         3095    .ARM.Collect$$libinit$$0000001F  c_w.l(libinit2.o)
    0x08000216   0x08000216   0x00000000   Code   RO         3097    .ARM.Collect$$libinit$$00000021  c_w.l(libinit2.o)
    0x08000216   0x08000216   0x00000000   Code   RO         3099    .ARM.Collect$$libinit$$00000023  c_w.l(libinit2.o)
    0x08000216   0x08000216   0x00000000   Code   RO         3101    .ARM.Collect$$libinit$$00000025  c_w.l(libinit2.o)
    0x08000216   0x08000216   0x00000000   Code   RO         3105    .ARM.Collect$$libinit$$0000002C  c_w.l(libinit2.o)
    0x08000216   0x08000216   0x00000000   Code   RO         3107    .ARM.Collect$$libinit$$0000002E  c_w.l(libinit2.o)
    0x08000216   0x08000216   0x00000000   Code   RO         3109    .ARM.Collect$$libinit$$00000030  c_w.l(libinit2.o)
    0x08000216   0x08000216   0x00000000   Code   RO         3111    .ARM.Collect$$libinit$$00000032  c_w.l(libinit2.o)
    0x08000216   0x08000216   0x00000002   Code   RO         3112    .ARM.Collect$$libinit$$00000033  c_w.l(libinit2.o)
    0x08000218   0x08000218   0x00000002   Code   RO         3240    .ARM.Collect$$libshutdown$$00000000  c_w.l(libshutdown.o)
    0x0800021a   0x0800021a   0x00000000   Code   RO         3198    .ARM.Collect$$libshutdown$$00000002  c_w.l(libshutdown2.o)
    0x0800021a   0x0800021a   0x00000000   Code   RO         3200    .ARM.Collect$$libshutdown$$00000004  c_w.l(libshutdown2.o)
    0x0800021a   0x0800021a   0x00000000   Code   RO         3203    .ARM.Collect$$libshutdown$$00000007  c_w.l(libshutdown2.o)
    0x0800021a   0x0800021a   0x00000000   Code   RO         3206    .ARM.Collect$$libshutdown$$0000000A  c_w.l(libshutdown2.o)
    0x0800021a   0x0800021a   0x00000000   Code   RO         3208    .ARM.Collect$$libshutdown$$0000000C  c_w.l(libshutdown2.o)
    0x0800021a   0x0800021a   0x00000000   Code   RO         3211    .ARM.Collect$$libshutdown$$0000000F  c_w.l(libshutdown2.o)
    0x0800021a   0x0800021a   0x00000002   Code   RO         3212    .ARM.Collect$$libshutdown$$00000010  c_w.l(libshutdown2.o)
    0x0800021c   0x0800021c   0x00000000   Code   RO         3036    .ARM.Collect$$rtentry$$00000000  c_w.l(__rtentry.o)
    0x0800021c   0x0800021c   0x00000000   Code   RO         3119    .ARM.Collect$$rtentry$$00000002  c_w.l(__rtentry2.o)
    0x0800021c   0x0800021c   0x00000006   Code   RO         3131    .ARM.Collect$$rtentry$$00000004  c_w.l(__rtentry4.o)
    0x08000222   0x08000222   0x00000000   Code   RO         3121    .ARM.Collect$$rtentry$$00000009  c_w.l(__rtentry2.o)
    0x08000222   0x08000222   0x00000004   Code   RO         3122    .ARM.Collect$$rtentry$$0000000A  c_w.l(__rtentry2.o)
    0x08000226   0x08000226   0x00000000   Code   RO         3124    .ARM.Collect$$rtentry$$0000000C  c_w.l(__rtentry2.o)
    0x08000226   0x08000226   0x00000008   Code   RO         3125    .ARM.Collect$$rtentry$$0000000D  c_w.l(__rtentry2.o)
    0x0800022e   0x0800022e   0x00000002   Code   RO         3185    .ARM.Collect$$rtexit$$00000000  c_w.l(rtexit.o)
    0x08000230   0x08000230   0x00000000   Code   RO         3216    .ARM.Collect$$rtexit$$00000002  c_w.l(rtexit2.o)
    0x08000230   0x08000230   0x00000004   Code   RO         3217    .ARM.Collect$$rtexit$$00000003  c_w.l(rtexit2.o)
    0x08000234   0x08000234   0x00000006   Code   RO         3218    .ARM.Collect$$rtexit$$00000004  c_w.l(rtexit2.o)
    0x0800023a   0x0800023a   0x00000002   PAD
    0x0800023c   0x0800023c   0x00000000   Code   RO         3137    .emb_text           c_w.l(maybetermalloc1.o)
    0x0800023c   0x0800023c   0x00000040   Code   RO            4    .text               startup_stm32f401xc.o
    0x0800027c   0x0800027c   0x0000005e   Code   RO         2966    .text               c_w.l(h1_alloc.o)
    0x080002da   0x080002da   0x0000004e   Code   RO         2968    .text               c_w.l(h1_free.o)
    0x08000328   0x08000328   0x000000ee   Code   RO         3024    .text               c_w.l(lludivv7m.o)
    0x08000416   0x08000416   0x00000064   Code   RO         3026    .text               c_w.l(rt_memcpy_w.o)
    0x0800047a   0x0800047a   0x0000004e   Code   RO         3028    .text               c_w.l(rt_memclr_w.o)
    0x080004c8   0x080004c8   0x00000006   Code   RO         3030    .text               c_w.l(heapauxi.o)
    0x080004ce   0x080004ce   0x00000002   PAD
    0x080004d0   0x080004d0   0x00000008   Code   RO         3044    .text               c_w.l(rt_heap_descriptor_intlibspace.o)
    0x080004d8   0x080004d8   0x00000004   Code   RO         3046    .text               c_w.l(hguard.o)
    0x080004dc   0x080004dc   0x0000008a   Code   RO         3048    .text               c_w.l(init_alloc.o)
    0x08000566   0x08000566   0x0000000e   Code   RO         3052    .text               c_w.l(h1_init.o)
    0x08000574   0x08000574   0x00000008   Code   RO         3115    .text               c_w.l(libspace.o)
    0x0800057c   0x0800057c   0x00000034   Code   RO         3139    .text               c_w.l(h1_extend.o)
    0x080005b0   0x080005b0   0x0000000e   Code   RO         3143    .text               c_w.l(defsig_rtmem_outer.o)
    0x080005be   0x080005be   0x00000002   Code   RO         3154    .text               c_w.l(use_no_semi.o)
    0x080005c0   0x080005c0   0x00000000   Code   RO         3156    .text               c_w.l(indicate_semi.o)
    0x080005c0   0x080005c0   0x0000004a   Code   RO         3157    .text               c_w.l(sys_stackheap_outer.o)
    0x0800060a   0x0800060a   0x00000012   Code   RO         3163    .text               c_w.l(exit.o)
    0x0800061c   0x0800061c   0x0000000a   Code   RO         3165    .text               c_w.l(defsig_exit.o)
    0x08000626   0x08000626   0x00000002   PAD
    0x08000628   0x08000628   0x00000050   Code   RO         3171    .text               c_w.l(defsig_rtmem_inner.o)
    0x08000678   0x08000678   0x0000000c   Code   RO         3183    .text               c_w.l(sys_exit.o)
    0x08000684   0x08000684   0x00000032   Code   RO         3193    .text               c_w.l(defsig_general.o)
    0x080006b6   0x080006b6   0x0000000e   Code   RO         3213    .text               c_w.l(sys_wrch.o)
    0x080006c4   0x080006c4   0x00000004   Code   RO          173    i.BusFault_Handler  stm32f4xx_it.o
    0x080006c8   0x080006c8   0x0000005e   Code   RO         2341    i.DeInitStateMachine  usbh_core.o
    0x08000726   0x08000726   0x00000002   Code   RO          174    i.DebugMon_Handler  stm32f4xx_it.o
    0x08000728   0x08000728   0x00000006   Code   RO           13    i.Error_Handler     main.o
    0x0800072e   0x0800072e   0x00000002   PAD
    0x08000730   0x08000730   0x00000028   Code   RO         2017    i.HAL_Delay         stm32f4xx_hal.o
    0x08000758   0x08000758   0x000001c8   Code   RO         1462    i.HAL_GPIO_Init     stm32f4xx_hal_gpio.o
    0x08000920   0x08000920   0x0000000c   Code   RO         2023    i.HAL_GetTick       stm32f4xx_hal.o
    0x0800092c   0x0800092c   0x0000000e   Code   RO          357    i.HAL_HCD_Connect_Callback  usbh_conf.o
    0x0800093a   0x0800093a   0x0000000e   Code   RO          358    i.HAL_HCD_Disconnect_Callback  usbh_conf.o
    0x08000948   0x08000948   0x0000000c   Code   RO          538    i.HAL_HCD_GetCurrentFrame  stm32f4xx_hal_hcd.o
    0x08000954   0x08000954   0x0000000c   Code   RO          539    i.HAL_HCD_GetCurrentSpeed  stm32f4xx_hal_hcd.o
    0x08000960   0x08000960   0x00000018   Code   RO          542    i.HAL_HCD_HC_GetURBState  stm32f4xx_hal_hcd.o
    0x08000978   0x08000978   0x00000016   Code   RO          543    i.HAL_HCD_HC_GetXferCount  stm32f4xx_hal_hcd.o
    0x0800098e   0x0800098e   0x00000034   Code   RO          544    i.HAL_HCD_HC_Halt   stm32f4xx_hal_hcd.o
    0x080009c2   0x080009c2   0x00000106   Code   RO          545    i.HAL_HCD_HC_Init   stm32f4xx_hal_hcd.o
    0x08000ac8   0x08000ac8   0x00000002   Code   RO          359    i.HAL_HCD_HC_NotifyURBChange_Callback  usbh_conf.o
    0x08000aca   0x08000aca   0x000002a4   Code   RO          547    i.HAL_HCD_HC_SubmitRequest  stm32f4xx_hal_hcd.o
    0x08000d6e   0x08000d6e   0x00000178   Code   RO          548    i.HAL_HCD_IRQHandler  stm32f4xx_hal_hcd.o
    0x08000ee6   0x08000ee6   0x00000074   Code   RO          549    i.HAL_HCD_Init      stm32f4xx_hal_hcd.o
    0x08000f5a   0x08000f5a   0x00000002   PAD
    0x08000f5c   0x08000f5c   0x000000a8   Code   RO          361    i.HAL_HCD_MspInit   usbh_conf.o
    0x08001004   0x08001004   0x0000000e   Code   RO          362    i.HAL_HCD_PortDisabled_Callback  usbh_conf.o
    0x08001012   0x08001012   0x0000000e   Code   RO          363    i.HAL_HCD_PortEnabled_Callback  usbh_conf.o
    0x08001020   0x08001020   0x0000000c   Code   RO          554    i.HAL_HCD_ResetPort  stm32f4xx_hal_hcd.o
    0x0800102c   0x0800102c   0x0000000e   Code   RO          364    i.HAL_HCD_SOF_Callback  usbh_conf.o
    0x0800103a   0x0800103a   0x00000036   Code   RO          556    i.HAL_HCD_Start     stm32f4xx_hal_hcd.o
    0x08001070   0x08001070   0x0000002e   Code   RO          557    i.HAL_HCD_Stop      stm32f4xx_hal_hcd.o
    0x0800109e   0x0800109e   0x00000002   PAD
    0x080010a0   0x080010a0   0x00000018   Code   RO         2029    i.HAL_IncTick       stm32f4xx_hal.o
    0x080010b8   0x080010b8   0x0000003c   Code   RO         2030    i.HAL_Init          stm32f4xx_hal.o
    0x080010f4   0x080010f4   0x0000004c   Code   RO         2031    i.HAL_InitTick      stm32f4xx_hal.o
    0x08001140   0x08001140   0x00000048   Code   RO          255    i.HAL_MspInit       stm32f4xx_hal_msp.o
    0x08001188   0x08001188   0x00000020   Code   RO         1875    i.HAL_NVIC_EnableIRQ  stm32f4xx_hal_cortex.o
    0x080011a8   0x080011a8   0x0000007c   Code   RO         1881    i.HAL_NVIC_SetPriority  stm32f4xx_hal_cortex.o
    0x08001224   0x08001224   0x00000028   Code   RO         1882    i.HAL_NVIC_SetPriorityGrouping  stm32f4xx_hal_cortex.o
    0x0800124c   0x0800124c   0x00000184   Code   RO         1029    i.HAL_RCC_ClockConfig  stm32f4xx_hal_rcc.o
    0x080013d0   0x080013d0   0x000000b0   Code   RO         1038    i.HAL_RCC_GetSysClockFreq  stm32f4xx_hal_rcc.o
    0x08001480   0x08001480   0x0000049c   Code   RO         1041    i.HAL_RCC_OscConfig  stm32f4xx_hal_rcc.o
    0x0800191c   0x0800191c   0x00000034   Code   RO         1886    i.HAL_SYSTICK_Config  stm32f4xx_hal_cortex.o
    0x08001950   0x08001950   0x0000061c   Code   RO          559    i.HCD_HC_IN_IRQHandler  stm32f4xx_hal_hcd.o
    0x08001f6c   0x08001f6c   0x00000666   Code   RO          560    i.HCD_HC_OUT_IRQHandler  stm32f4xx_hal_hcd.o
    0x080025d2   0x080025d2   0x000000b6   Code   RO          561    i.HCD_Port_IRQHandler  stm32f4xx_hal_hcd.o
    0x08002688   0x08002688   0x00000184   Code   RO          562    i.HCD_RXQLVL_IRQHandler  stm32f4xx_hal_hcd.o
    0x0800280c   0x0800280c   0x000000c8   Code   RO         2933    i.HID_ReadItem      usbh_hid_parser.o
    0x080028d4   0x080028d4   0x00000004   Code   RO          175    i.HardFault_Handler  stm32f4xx_it.o
    0x080028d8   0x080028d8   0x00000048   Code   RO          149    i.MX_GPIO_Init      gpio.o
    0x08002920   0x08002920   0x0000003c   Code   RO          279    i.MX_USB_HOST_Init  usb_host.o
    0x0800295c   0x0800295c   0x0000005c   Code   RO          280    i.MX_USB_HOST_Process  usb_host.o
    0x080029b8   0x080029b8   0x00000004   Code   RO          176    i.MemManage_Handler  stm32f4xx_it.o
    0x080029bc   0x080029bc   0x00000004   Code   RO          177    i.NMI_Handler       stm32f4xx_it.o
    0x080029c0   0x080029c0   0x00000010   Code   RO          178    i.OTG_FS_IRQHandler  stm32f4xx_it.o
    0x080029d0   0x080029d0   0x00000002   Code   RO          179    i.PendSV_Handler    stm32f4xx_it.o
    0x080029d2   0x080029d2   0x00000002   Code   RO          180    i.SVC_Handler       stm32f4xx_it.o
    0x080029d4   0x080029d4   0x00000008   Code   RO          181    i.SysTick_Handler   stm32f4xx_it.o
    0x080029dc   0x080029dc   0x000000b4   Code   RO           14    i.SystemClock_Config  main.o
    0x08002a90   0x08002a90   0x00000014   Code   RO         2305    i.SystemInit        system_stm32f4xx.o
    0x08002aa4   0x08002aa4   0x0000002a   Code   RO         2668    i.USBH_AllocPipe    usbh_pipes.o
    0x08002ace   0x08002ace   0x00000012   Code   RO         2669    i.USBH_ClosePipe    usbh_pipes.o
    0x08002ae0   0x08002ae0   0x00000028   Code   RO         2482    i.USBH_ClrFeature   usbh_ctlreq.o
    0x08002b08   0x08002b08   0x0000002a   Code   RO         2598    i.USBH_CtlReceiveData  usbh_ioreq.o
    0x08002b32   0x08002b32   0x00000054   Code   RO         2483    i.USBH_CtlReq       usbh_ctlreq.o
    0x08002b86   0x08002b86   0x00000034   Code   RO         2599    i.USBH_CtlSendData  usbh_ioreq.o
    0x08002bba   0x08002bba   0x00000026   Code   RO         2600    i.USBH_CtlSendSetup  usbh_ioreq.o
    0x08002be0   0x08002be0   0x0000000c   Code   RO          365    i.USBH_Delay        usbh_conf.o
    0x08002bec   0x08002bec   0x00000050   Code   RO         2343    i.USBH_FindInterface  usbh_core.o
    0x08002c3c   0x08002c3c   0x0000001e   Code   RO         2670    i.USBH_FreePipe     usbh_pipes.o
    0x08002c5a   0x08002c5a   0x0000004a   Code   RO         2484    i.USBH_GetDescriptor  usbh_ctlreq.o
    0x08002ca4   0x08002ca4   0x00000028   Code   RO         2671    i.USBH_GetFreePipe  usbh_pipes.o
    0x08002ccc   0x08002ccc   0x00000012   Code   RO         2485    i.USBH_GetNextDesc  usbh_ctlreq.o
    0x08002cde   0x08002cde   0x0000002e   Code   RO         2486    i.USBH_Get_CfgDesc  usbh_ctlreq.o
    0x08002d0c   0x08002d0c   0x0000002e   Code   RO         2487    i.USBH_Get_DevDesc  usbh_ctlreq.o
    0x08002d3a   0x08002d3a   0x00000038   Code   RO         2488    i.USBH_Get_StringDesc  usbh_ctlreq.o
    0x08002d72   0x08002d72   0x0000002c   Code   RO          366    i.USBH_Get_USB_Status  usbh_conf.o
    0x08002d9e   0x08002d9e   0x000000a6   Code   RO         2715    i.USBH_HID_ClassRequest  usbh_hid.o
    0x08002e44   0x08002e44   0x00000002   Code   RO         2716    i.USBH_HID_EventCallback  usbh_hid.o
    0x08002e46   0x08002e46   0x0000000e   Code   RO         2717    i.USBH_HID_FifoInit  usbh_hid.o
    0x08002e54   0x08002e54   0x00000052   Code   RO         2718    i.USBH_HID_FifoRead  usbh_hid.o
    0x08002ea6   0x08002ea6   0x00000060   Code   RO         2719    i.USBH_HID_FifoWrite  usbh_hid.o
    0x08002f06   0x08002f06   0x00000002   PAD
    0x08002f08   0x08002f08   0x00000030   Code   RO         2848    i.USBH_HID_GetASCIICode  usbh_hid_keybd.o
    0x08002f38   0x08002f38   0x00000032   Code   RO         2720    i.USBH_HID_GetDeviceType  usbh_hid.o
    0x08002f6a   0x08002f6a   0x0000001e   Code   RO         2722    i.USBH_HID_GetHIDReportDescriptor  usbh_hid.o
    0x08002f88   0x08002f88   0x00000018   Code   RO         2849    i.USBH_HID_GetKeybdInfo  usbh_hid_keybd.o
    0x08002fa0   0x08002fa0   0x00000034   Code   RO         2724    i.USBH_HID_GetReport  usbh_hid.o
    0x08002fd4   0x08002fd4   0x00000058   Code   RO         2725    i.USBH_HID_InterfaceDeInit  usbh_hid.o
    0x0800302c   0x0800302c   0x000001f8   Code   RO         2726    i.USBH_HID_InterfaceInit  usbh_hid.o
    0x08003224   0x08003224   0x000000d4   Code   RO         2850    i.USBH_HID_KeybdDecode  usbh_hid_keybd.o
    0x080032f8   0x080032f8   0x00000064   Code   RO         2851    i.USBH_HID_KeybdInit  usbh_hid_keybd.o
    0x0800335c   0x0800335c   0x00000060   Code   RO         2896    i.USBH_HID_MouseInit  usbh_hid_mouse.o
    0x080033bc   0x080033bc   0x00000060   Code   RO         2727    i.USBH_HID_ParseHIDDesc  usbh_hid.o
    0x0800341c   0x0800341c   0x000000ee   Code   RO         2728    i.USBH_HID_Process  usbh_hid.o
    0x0800350a   0x0800350a   0x00000024   Code   RO         2729    i.USBH_HID_SOFProcess  usbh_hid.o
    0x0800352e   0x0800352e   0x00000028   Code   RO         2730    i.USBH_HID_SetIdle  usbh_hid.o
    0x08003556   0x08003556   0x0000002c   Code   RO         2731    i.USBH_HID_SetProtocol  usbh_hid.o
    0x08003582   0x08003582   0x000001d4   Code   RO         2489    i.USBH_HandleControl  usbh_ctlreq.o
    0x08003756   0x08003756   0x000002c2   Code   RO         2346    i.USBH_HandleEnum   usbh_core.o
    0x08003a18   0x08003a18   0x0000001c   Code   RO         2347    i.USBH_HandleSof    usbh_core.o
    0x08003a34   0x08003a34   0x00000048   Code   RO         2348    i.USBH_Init         usbh_core.o
    0x08003a7c   0x08003a7c   0x0000002a   Code   RO         2601    i.USBH_InterruptReceiveData  usbh_ioreq.o
    0x08003aa6   0x08003aa6   0x00000026   Code   RO          367    i.USBH_LL_ClosePipe  usbh_conf.o
    0x08003acc   0x08003acc   0x00000016   Code   RO         2350    i.USBH_LL_Connect   usbh_core.o
    0x08003ae2   0x08003ae2   0x0000002e   Code   RO         2351    i.USBH_LL_Disconnect  usbh_core.o
    0x08003b10   0x08003b10   0x0000001a   Code   RO          369    i.USBH_LL_DriverVBUS  usbh_conf.o
    0x08003b2a   0x08003b2a   0x00000012   Code   RO          370    i.USBH_LL_GetLastXferSize  usbh_conf.o
    0x08003b3c   0x08003b3c   0x00000030   Code   RO          371    i.USBH_LL_GetSpeed  usbh_conf.o
    0x08003b6c   0x08003b6c   0x00000012   Code   RO          373    i.USBH_LL_GetURBState  usbh_conf.o
    0x08003b7e   0x08003b7e   0x00000016   Code   RO         2352    i.USBH_LL_IncTimer  usbh_core.o
    0x08003b94   0x08003b94   0x00000058   Code   RO          374    i.USBH_LL_Init      usbh_conf.o
    0x08003bec   0x08003bec   0x00000040   Code   RO          375    i.USBH_LL_OpenPipe  usbh_conf.o
    0x08003c2c   0x08003c2c   0x00000008   Code   RO         2353    i.USBH_LL_PortDisabled  usbh_core.o
    0x08003c34   0x08003c34   0x00000008   Code   RO         2354    i.USBH_LL_PortEnabled  usbh_core.o
    0x08003c3c   0x08003c3c   0x0000001e   Code   RO          376    i.USBH_LL_ResetPort  usbh_conf.o
    0x08003c5a   0x08003c5a   0x00000006   Code   RO         2355    i.USBH_LL_SetTimer  usbh_core.o
    0x08003c60   0x08003c60   0x00000046   Code   RO          377    i.USBH_LL_SetToggle  usbh_conf.o
    0x08003ca6   0x08003ca6   0x0000001e   Code   RO          378    i.USBH_LL_Start     usbh_conf.o
    0x08003cc4   0x08003cc4   0x0000001e   Code   RO          379    i.USBH_LL_Stop      usbh_conf.o
    0x08003ce2   0x08003ce2   0x00000040   Code   RO          380    i.USBH_LL_SubmitURB  usbh_conf.o
    0x08003d22   0x08003d22   0x0000002a   Code   RO         2672    i.USBH_OpenPipe     usbh_pipes.o
    0x08003d4c   0x08003d4c   0x00000154   Code   RO         2490    i.USBH_ParseCfgDesc  usbh_ctlreq.o
    0x08003ea0   0x08003ea0   0x00000080   Code   RO         2491    i.USBH_ParseDevDesc  usbh_ctlreq.o
    0x08003f20   0x08003f20   0x000000b0   Code   RO         2492    i.USBH_ParseEPDesc  usbh_ctlreq.o
    0x08003fd0   0x08003fd0   0x00000026   Code   RO         2493    i.USBH_ParseInterfaceDesc  usbh_ctlreq.o
    0x08003ff6   0x08003ff6   0x00000036   Code   RO         2494    i.USBH_ParseStringDesc  usbh_ctlreq.o
    0x0800402c   0x0800402c   0x000002e2   Code   RO         2356    i.USBH_Process      usbh_core.o
    0x0800430e   0x0800430e   0x00000032   Code   RO         2358    i.USBH_RegisterClass  usbh_core.o
    0x08004340   0x08004340   0x00000028   Code   RO         2359    i.USBH_SelectInterface  usbh_core.o
    0x08004368   0x08004368   0x00000028   Code   RO         2495    i.USBH_SetAddress   usbh_ctlreq.o
    0x08004390   0x08004390   0x00000028   Code   RO         2496    i.USBH_SetCfg       usbh_ctlreq.o
    0x080043b8   0x080043b8   0x00000028   Code   RO         2497    i.USBH_SetFeature   usbh_ctlreq.o
    0x080043e0   0x080043e0   0x00000016   Code   RO         2360    i.USBH_Start        usbh_core.o
    0x080043f6   0x080043f6   0x00000002   PAD
    0x080043f8   0x080043f8   0x00000038   Code   RO          281    i.USBH_UserProcess  usb_host.o
    0x08004430   0x08004430   0x00000084   Code   RO          722    i.USB_CoreInit      stm32f4xx_ll_usb.o
    0x080044b4   0x080044b4   0x00000058   Code   RO          723    i.USB_CoreReset     stm32f4xx_ll_usb.o
    0x0800450c   0x0800450c   0x0000000e   Code   RO          730    i.USB_DisableGlobalInt  stm32f4xx_ll_usb.o
    0x0800451a   0x0800451a   0x00000002   PAD
    0x0800451c   0x0800451c   0x00000044   Code   RO          731    i.USB_DoPing        stm32f4xx_ll_usb.o
    0x08004560   0x08004560   0x0000004a   Code   RO          732    i.USB_DriveVbus     stm32f4xx_ll_usb.o
    0x080045aa   0x080045aa   0x0000000e   Code   RO          739    i.USB_EnableGlobalInt  stm32f4xx_ll_usb.o
    0x080045b8   0x080045b8   0x00000054   Code   RO          740    i.USB_FlushRxFifo   stm32f4xx_ll_usb.o
    0x0800460c   0x0800460c   0x00000058   Code   RO          741    i.USB_FlushTxFifo   stm32f4xx_ll_usb.o
    0x08004664   0x08004664   0x0000000e   Code   RO          742    i.USB_GetCurrentFrame  stm32f4xx_ll_usb.o
    0x08004672   0x08004672   0x00000018   Code   RO          744    i.USB_GetHostSpeed  stm32f4xx_ll_usb.o
    0x0800468a   0x0800468a   0x0000000a   Code   RO          745    i.USB_GetMode       stm32f4xx_ll_usb.o
    0x08004694   0x08004694   0x00000172   Code   RO          746    i.USB_HC_Halt       stm32f4xx_ll_usb.o
    0x08004806   0x08004806   0x000001c2   Code   RO          747    i.USB_HC_Init       stm32f4xx_ll_usb.o
    0x080049c8   0x080049c8   0x0000000e   Code   RO          748    i.USB_HC_ReadInterrupt  stm32f4xx_ll_usb.o
    0x080049d6   0x080049d6   0x00000002   PAD
    0x080049d8   0x080049d8   0x000001d0   Code   RO          749    i.USB_HC_StartXfer  stm32f4xx_ll_usb.o
    0x08004ba8   0x08004ba8   0x000000fc   Code   RO          750    i.USB_HostInit      stm32f4xx_ll_usb.o
    0x08004ca4   0x08004ca4   0x00000044   Code   RO          751    i.USB_InitFSLSPClkSel  stm32f4xx_ll_usb.o
    0x08004ce8   0x08004ce8   0x0000000a   Code   RO          756    i.USB_ReadInterrupts  stm32f4xx_ll_usb.o
    0x08004cf2   0x08004cf2   0x00000060   Code   RO          757    i.USB_ReadPacket    stm32f4xx_ll_usb.o
    0x08004d52   0x08004d52   0x0000003c   Code   RO          758    i.USB_ResetPort     stm32f4xx_ll_usb.o
    0x08004d8e   0x08004d8e   0x00000068   Code   RO          759    i.USB_SetCurrentMode  stm32f4xx_ll_usb.o
    0x08004df6   0x08004df6   0x000000c6   Code   RO          764    i.USB_StopHost      stm32f4xx_ll_usb.o
    0x08004ebc   0x08004ebc   0x00000044   Code   RO          765    i.USB_WritePacket   stm32f4xx_ll_usb.o
    0x08004f00   0x08004f00   0x00000004   Code   RO          182    i.UsageFault_Handler  stm32f4xx_it.o
    0x08004f04   0x08004f04   0x00000010   Code   RO         1888    i.__NVIC_GetPriorityGrouping  stm32f4xx_hal_cortex.o
    0x08004f14   0x08004f14   0x00000028   Code   RO         1889    i.__NVIC_SetPriority  stm32f4xx_hal_cortex.o
    0x08004f3c   0x08004f3c   0x00000018   Code   RO           15    i.main              main.o
    0x08004f54   0x08004f54   0x0000000a   Code   RO         3152    x$fpl$fpinit        fz_wm.l(fpinit.o)
    0x08004f5e   0x08004f5e   0x00000018   Data   RO         2306    .constdata          system_stm32f4xx.o
    0x08004f76   0x08004f76   0x00000002   PAD
    0x08004f78   0x08004f78   0x0000030c   Data   RO         2853    .constdata          usbh_hid_keybd.o
    0x08005284   0x08005284   0x00000004   Data   RO         2733    .conststring        usbh_hid.o
    0x08005288   0x08005288   0x00000020   Data   RO         3241    Region$$Table       anon$$obj.o


    Execution Region RW_IRAM1 (Exec base: 0x20000000, Load base: 0x080052a8, Size: 0x00000ea8, Max: 0x00010000, ABSOLUTE)

    Exec Addr    Load Addr    Size         Type   Attr      Idx    E Section Name        Object

    0x20000000   0x080052a8   0x00000003   Data   RW          283    .data               usb_host.o
    0x20000003   0x080052ab   0x00000001   PAD
    0x20000004   0x080052ac   0x00000009   Data   RW         2037    .data               stm32f4xx_hal.o
    0x2000000d   0x080052b5   0x00000003   PAD
    0x20000010   0x080052b8   0x00000004   Data   RW         2307    .data               system_stm32f4xx.o
    0x20000014   0x080052bc   0x00000020   Data   RW         2734    .data               usbh_hid.o
    0x20000034   0x080052dc   0x00000010   Data   RW         2854    .data               usbh_hid_keybd.o
    0x20000044   0x080052ec   0x00000018   Data   RW         2898    .data               usbh_hid_mouse.o
    0x2000005c        -       0x000004d7   Zero   RW          282    .bss                usb_host.o
    0x20000533   0x08005304   0x00000001   PAD
    0x20000534        -       0x00000304   Zero   RW          381    .bss                usbh_conf.o
    0x20000838        -       0x0000000f   Zero   RW         2852    .bss                usbh_hid_keybd.o
    0x20000847   0x08005304   0x00000001   PAD
    0x20000848        -       0x00000060   Zero   RW         3116    .bss                c_w.l(libspace.o)
    0x200008a8        -       0x00000200   Zero   RW            2    HEAP                startup_stm32f401xc.o
    0x20000aa8        -       0x00000400   Zero   RW            1    STACK               startup_stm32f401xc.o


==============================================================================

Image component sizes


      Code (inc. data)   RO Data    RW Data    ZI Data      Debug   Object Name

        72          6          0          0          0        807   gpio.o
       210          8          0          0          0     370152   main.o
        64         26        404          0       1536        844   startup_stm32f401xc.o
       212         36          0          9          0       9265   stm32f4xx_hal.o
       304         22          0          0          0      34459   stm32f4xx_hal_cortex.o
       456         32          0          0          0       1436   stm32f4xx_hal_gpio.o
      5436          0          0          0          0      13677   stm32f4xx_hal_hcd.o
        72          4          0          0          0        858   stm32f4xx_hal_msp.o
      1744         58          0          0          0       3900   stm32f4xx_hal_rcc.o
        50          6          0          0          0       4734   stm32f4xx_it.o
      2764         48          0          0          0      18431   stm32f4xx_ll_usb.o
        20          6         24          4          0       1135   system_stm32f4xx.o
       208         38          0          3       1239      20050   usb_host.o
       820         14          0          0        772      14313   usbh_conf.o
      1942         22          0          0          0      11563   usbh_core.o
      1688         12          0          0          0      13406   usbh_ctlreq.o
      1538         24          4         32          0      16796   usbh_hid.o
       384         76        780         16         15       4364   usbh_hid_keybd.o
        96         12          0         24          0       1716   usbh_hid_mouse.o
       200          0          0          0          0       1519   usbh_hid_parser.o
       174          0          0          0          0       3669   usbh_ioreq.o
       172          0          0          0          0       4018   usbh_pipes.o

    ----------------------------------------------------------------------
     18640        450       1246         92       3564     551112   Object Totals
         0          0         32          0          0          0   (incl. Generated)
        14          0          2          4          2          0   (incl. Padding)

    ----------------------------------------------------------------------

      Code (inc. data)   RO Data    RW Data    ZI Data      Debug   Library Member Name

         8          0          0          0          0         68   __main.o
         0          0          0          0          0          0   __rtentry.o
        12          0          0          0          0          0   __rtentry2.o
         6          0          0          0          0          0   __rtentry4.o
        52          8          0          0          0          0   __scatter.o
        26          0          0          0          0          0   __scatter_copy.o
        28          0          0          0          0          0   __scatter_zi.o
        10          0          0          0          0         68   defsig_exit.o
        50          0          0          0          0         88   defsig_general.o
        80         58          0          0          0         76   defsig_rtmem_inner.o
        14          0          0          0          0         80   defsig_rtmem_outer.o
        18          0          0          0          0         80   exit.o
        94          0          0          0          0         80   h1_alloc.o
        52          0          0          0          0         68   h1_extend.o
        78          0          0          0          0         80   h1_free.o
        14          0          0          0          0         84   h1_init.o
         6          0          0          0          0        152   heapauxi.o
         4          0          0          0          0        136   hguard.o
         0          0          0          0          0          0   indicate_semi.o
       138          0          0          0          0        168   init_alloc.o
         2          0          0          0          0          0   libinit.o
        14          0          0          0          0          0   libinit2.o
         2          0          0          0          0          0   libshutdown.o
         2          0          0          0          0          0   libshutdown2.o
         8          4          0          0         96         68   libspace.o
       238          0          0          0          0        100   lludivv7m.o
         0          0          0          0          0          0   maybetermalloc1.o
         8          4          0          0          0         68   rt_heap_descriptor_intlibspace.o
        78          0          0          0          0         80   rt_memclr_w.o
       100          0          0          0          0         80   rt_memcpy_w.o
         2          0          0          0          0          0   rtexit.o
        10          0          0          0          0          0   rtexit2.o
        12          4          0          0          0         68   sys_exit.o
        74          0          0          0          0         80   sys_stackheap_outer.o
        14          0          0          0          0         76   sys_wrch.o
         2          0          0          0          0         68   use_no_semi.o
        10          0          0          0          0        116   fpinit.o

    ----------------------------------------------------------------------
      1274         78          0          0         96       2032   Library Totals
         8          0          0          0          0          0   (incl. Padding)

    ----------------------------------------------------------------------

      Code (inc. data)   RO Data    RW Data    ZI Data      Debug   Library Name

      1256         78          0          0         96       1916   c_w.l
        10          0          0          0          0        116   fz_wm.l

    ----------------------------------------------------------------------
      1274         78          0          0         96       2032   Library Totals

    ----------------------------------------------------------------------

==============================================================================


      Code (inc. data)   RO Data    RW Data    ZI Data      Debug   

     19914        528       1246         92       3660     537256   Grand Totals
     19914        528       1246         92       3660     537256   ELF Image Totals
     19914        528       1246         92          0          0   ROM Totals

==============================================================================

    Total RO  Size (Code + RO Data)                21160 (  20.66kB)
    Total RW  Size (RW Data + ZI Data)              3752 (   3.66kB)
    Total ROM Size (Code + RO Data + RW Data)      21252 (  20.75kB)

==============================================================================

